[hpc-04:537405] MCW rank 14 bound to socket 0[core 7[hwt 0-1]]: [../../../../../../../BB][../../../../../../../..]
[hpc-04:537405] MCW rank 15 bound to socket 1[core 15[hwt 0-1]]: [../../../../../../../..][../../../../../../../BB]
[hpc-04:537405] MCW rank 0 bound to socket 0[core 0[hwt 0-1]]: [BB/../../../../../../..][../../../../../../../..]
[hpc-04:537405] MCW rank 1 bound to socket 1[core 8[hwt 0-1]]: [../../../../../../../..][BB/../../../../../../..]
[hpc-04:537405] MCW rank 2 bound to socket 0[core 1[hwt 0-1]]: [../BB/../../../../../..][../../../../../../../..]
[hpc-04:537405] MCW rank 3 bound to socket 1[core 9[hwt 0-1]]: [../../../../../../../..][../BB/../../../../../..]
[hpc-04:537405] MCW rank 4 bound to socket 0[core 2[hwt 0-1]]: [../../BB/../../../../..][../../../../../../../..]
[hpc-04:537405] MCW rank 5 bound to socket 1[core 10[hwt 0-1]]: [../../../../../../../..][../../BB/../../../../..]
[hpc-04:537405] MCW rank 6 bound to socket 0[core 3[hwt 0-1]]: [../../../BB/../../../..][../../../../../../../..]
[hpc-04:537405] MCW rank 7 bound to socket 1[core 11[hwt 0-1]]: [../../../../../../../..][../../../BB/../../../..]
[hpc-04:537405] MCW rank 8 bound to socket 0[core 4[hwt 0-1]]: [../../../../BB/../../..][../../../../../../../..]
[hpc-04:537405] MCW rank 9 bound to socket 1[core 12[hwt 0-1]]: [../../../../../../../..][../../../../BB/../../..]
[hpc-04:537405] MCW rank 10 bound to socket 0[core 5[hwt 0-1]]: [../../../../../BB/../..][../../../../../../../..]
[hpc-04:537405] MCW rank 11 bound to socket 1[core 13[hwt 0-1]]: [../../../../../../../..][../../../../../BB/../..]
[hpc-04:537405] MCW rank 12 bound to socket 0[core 6[hwt 0-1]]: [../../../../../../BB/..][../../../../../../../..]
[hpc-04:537405] MCW rank 13 bound to socket 1[core 14[hwt 0-1]]: [../../../../../../../..][../../../../../../BB/..]
[hpc-05:309753] MCW rank 21 bound to socket 1[core 10[hwt 0-1]]: [../../../../../../../..][../../BB/../../../../..]
[hpc-05:309753] MCW rank 22 bound to socket 0[core 3[hwt 0-1]]: [../../../BB/../../../..][../../../../../../../..]
[hpc-05:309753] MCW rank 23 bound to socket 1[core 11[hwt 0-1]]: [../../../../../../../..][../../../BB/../../../..]
[hpc-05:309753] MCW rank 24 bound to socket 0[core 4[hwt 0-1]]: [../../../../BB/../../..][../../../../../../../..]
[hpc-05:309753] MCW rank 25 bound to socket 1[core 12[hwt 0-1]]: [../../../../../../../..][../../../../BB/../../..]
[hpc-05:309753] MCW rank 26 bound to socket 0[core 5[hwt 0-1]]: [../../../../../BB/../..][../../../../../../../..]
[hpc-05:309753] MCW rank 27 bound to socket 1[core 13[hwt 0-1]]: [../../../../../../../..][../../../../../BB/../..]
[hpc-05:309753] MCW rank 28 bound to socket 0[core 6[hwt 0-1]]: [../../../../../../BB/..][../../../../../../../..]
[hpc-05:309753] MCW rank 29 bound to socket 1[core 14[hwt 0-1]]: [../../../../../../../..][../../../../../../BB/..]
[hpc-05:309753] MCW rank 30 bound to socket 0[core 7[hwt 0-1]]: [../../../../../../../BB][../../../../../../../..]
[hpc-05:309753] MCW rank 31 bound to socket 1[core 15[hwt 0-1]]: [../../../../../../../..][../../../../../../../BB]
[hpc-05:309753] MCW rank 16 bound to socket 0[core 0[hwt 0-1]]: [BB/../../../../../../..][../../../../../../../..]
[hpc-05:309753] MCW rank 17 bound to socket 1[core 8[hwt 0-1]]: [../../../../../../../..][BB/../../../../../../..]
[hpc-05:309753] MCW rank 18 bound to socket 0[core 1[hwt 0-1]]: [../BB/../../../../../..][../../../../../../../..]
[hpc-05:309753] MCW rank 19 bound to socket 1[core 9[hwt 0-1]]: [../../../../../../../..][../BB/../../../../../..]
[hpc-05:309753] MCW rank 20 bound to socket 0[core 2[hwt 0-1]]: [../../BB/../../../../..][../../../../../../../..]
HPL ERROR from process # 0, on line 419 of function HPL_pdinfo:
>>> Need at least 64 processes for these tests <<<

HPL ERROR from process # 0, on line 621 of function HPL_pdinfo:
>>> Illegal input in file HPL.dat. Exiting ... <<<

--------------------------------------------------------------------------
Primary job  terminated normally, but 1 process returned
a non-zero exit code. Per user-direction, the job has been aborted.
--------------------------------------------------------------------------
--------------------------------------------------------------------------
mpirun detected that one or more processes exited with non-zero status, thus causing
the job to be terminated. The first process to do so was:

  Process name: [[60771,1],0]
  Exit code:    1
--------------------------------------------------------------------------
