+ mpirun -np 4 --map-by ppr:4:node --bind-to core /work/mfc/5.6.1-gcc13-ompi5/haswell/build/install/cpu-ccca43eb0a/bin/syscheck
Exception caught: rsmi_init.
[cpu-node1:69682] mca_base_component_repository_open: unable to open mca_accelerator_cuda: libcuda.so.1: cannot open shared object file: No such file or directory (ignored)
[cpu-node1:69681] mca_base_component_repository_open: unable to open mca_accelerator_cuda: libcuda.so.1: cannot open shared object file: No such file or directory (ignored)
[cpu-node1:69683] mca_base_component_repository_open: unable to open mca_accelerator_cuda: libcuda.so.1: cannot open shared object file: No such file or directory (ignored)
[cpu-node1:69684] mca_base_component_repository_open: unable to open mca_accelerator_cuda: libcuda.so.1: cannot open shared object file: No such file or directory (ignored)
[cpu-node1:69683] mca_base_component_repository_open: unable to open mca_rcache_gpusm: libcuda.so.1: cannot open shared object file: No such file or directory (ignored)
[cpu-node1:69682] mca_base_component_repository_open: unable to open mca_rcache_gpusm: libcuda.so.1: cannot open shared object file: No such file or directory (ignored)
[cpu-node1:69681] mca_base_component_repository_open: unable to open mca_rcache_gpusm: libcuda.so.1: cannot open shared object file: No such file or directory (ignored)
[cpu-node1:69684] mca_base_component_repository_open: unable to open mca_rcache_gpusm: libcuda.so.1: cannot open shared object file: No such file or directory (ignored)
[cpu-node1:69683] mca_base_component_repository_open: unable to open mca_rcache_rgpusm: libcuda.so.1: cannot open shared object file: No such file or directory (ignored)
[cpu-node1:69682] mca_base_component_repository_open: unable to open mca_rcache_rgpusm: libcuda.so.1: cannot open shared object file: No such file or directory (ignored)
[cpu-node1:69684] mca_base_component_repository_open: unable to open mca_rcache_rgpusm: libcuda.so.1: cannot open shared object file: No such file or directory (ignored)
[cpu-node1:69681] mca_base_component_repository_open: unable to open mca_rcache_rgpusm: libcuda.so.1: cannot open shared object file: No such file or directory (ignored)
+ mpirun -np 4 --map-by ppr:4:node --bind-to core /work/mfc/5.6.1-gcc13-ompi5/haswell/build/install/cpu-77ad0e446d/bin/pre_process
Exception caught: rsmi_init.
[cpu-node1:69705] mca_base_component_repository_open: unable to open mca_accelerator_cuda: libcuda.so.1: cannot open shared object file: No such file or directory (ignored)
[cpu-node1:69706] mca_base_component_repository_open: unable to open mca_accelerator_cuda: libcuda.so.1: cannot open shared object file: No such file or directory (ignored)
[cpu-node1:69707] mca_base_component_repository_open: unable to open mca_accelerator_cuda: libcuda.so.1: cannot open shared object file: No such file or directory (ignored)
[cpu-node1:69708] mca_base_component_repository_open: unable to open mca_accelerator_cuda: libcuda.so.1: cannot open shared object file: No such file or directory (ignored)
[cpu-node1:69707] mca_base_component_repository_open: unable to open mca_rcache_gpusm: libcuda.so.1: cannot open shared object file: No such file or directory (ignored)
[cpu-node1:69706] mca_base_component_repository_open: unable to open mca_rcache_gpusm: libcuda.so.1: cannot open shared object file: No such file or directory (ignored)
[cpu-node1:69705] mca_base_component_repository_open: unable to open mca_rcache_gpusm: libcuda.so.1: cannot open shared object file: No such file or directory (ignored)
[cpu-node1:69707] mca_base_component_repository_open: unable to open mca_rcache_rgpusm: libcuda.so.1: cannot open shared object file: No such file or directory (ignored)
[cpu-node1:69705] mca_base_component_repository_open: unable to open mca_rcache_rgpusm: libcuda.so.1: cannot open shared object file: No such file or directory (ignored)
[cpu-node1:69706] mca_base_component_repository_open: unable to open mca_rcache_rgpusm: libcuda.so.1: cannot open shared object file: No such file or directory (ignored)
[cpu-node1:69708] mca_base_component_repository_open: unable to open mca_rcache_gpusm: libcuda.so.1: cannot open shared object file: No such file or directory (ignored)
[cpu-node1:69708] mca_base_component_repository_open: unable to open mca_rcache_rgpusm: libcuda.so.1: cannot open shared object file: No such file or directory (ignored)
+ mpirun -np 4 --map-by ppr:4:node --bind-to core /work/mfc/5.6.1-gcc13-ompi5/haswell/build/install/cpu-503a859d02/bin/simulation
Exception caught: rsmi_init.
[cpu-node1:69740] mca_base_component_repository_open: unable to open mca_accelerator_cuda: libcuda.so.1: cannot open shared object file: No such file or directory (ignored)
[cpu-node1:69741] mca_base_component_repository_open: unable to open mca_accelerator_cuda: libcuda.so.1: cannot open shared object file: No such file or directory (ignored)
[cpu-node1:69742] mca_base_component_repository_open: unable to open mca_accelerator_cuda: libcuda.so.1: cannot open shared object file: No such file or directory (ignored)
[cpu-node1:69743] mca_base_component_repository_open: unable to open mca_accelerator_cuda: libcuda.so.1: cannot open shared object file: No such file or directory (ignored)
[cpu-node1:69742] mca_base_component_repository_open: unable to open mca_rcache_gpusm: libcuda.so.1: cannot open shared object file: No such file or directory (ignored)
[cpu-node1:69741] mca_base_component_repository_open: unable to open mca_rcache_gpusm: libcuda.so.1: cannot open shared object file: No such file or directory (ignored)
[cpu-node1:69742] mca_base_component_repository_open: unable to open mca_rcache_rgpusm: libcuda.so.1: cannot open shared object file: No such file or directory (ignored)
[cpu-node1:69741] mca_base_component_repository_open: unable to open mca_rcache_rgpusm: libcuda.so.1: cannot open shared object file: No such file or directory (ignored)
[cpu-node1:69743] mca_base_component_repository_open: unable to open mca_rcache_gpusm: libcuda.so.1: cannot open shared object file: No such file or directory (ignored)
[cpu-node1:69743] mca_base_component_repository_open: unable to open mca_rcache_rgpusm: libcuda.so.1: cannot open shared object file: No such file or directory (ignored)
[cpu-node1:69740] mca_base_component_repository_open: unable to open mca_rcache_gpusm: libcuda.so.1: cannot open shared object file: No such file or directory (ignored)
[cpu-node1:69740] mca_base_component_repository_open: unable to open mca_rcache_rgpusm: libcuda.so.1: cannot open shared object file: No such file or directory (ignored)
+ mpirun -np 4 --map-by ppr:4:node --bind-to core /work/mfc/5.6.1-gcc13-ompi5/haswell/build/install/cpu-c084270971/bin/post_process
Exception caught: rsmi_init.
[cpu-node1:69787] mca_base_component_repository_open: unable to open mca_accelerator_cuda: libcuda.so.1: cannot open shared object file: No such file or directory (ignored)
[cpu-node1:69786] mca_base_component_repository_open: unable to open mca_accelerator_cuda: libcuda.so.1: cannot open shared object file: No such file or directory (ignored)
[cpu-node1:69788] mca_base_component_repository_open: unable to open mca_accelerator_cuda: libcuda.so.1: cannot open shared object file: No such file or directory (ignored)
[cpu-node1:69789] mca_base_component_repository_open: unable to open mca_accelerator_cuda: libcuda.so.1: cannot open shared object file: No such file or directory (ignored)
[cpu-node1:69788] mca_base_component_repository_open: unable to open mca_rcache_gpusm: libcuda.so.1: cannot open shared object file: No such file or directory (ignored)
[cpu-node1:69789] mca_base_component_repository_open: unable to open mca_rcache_gpusm: libcuda.so.1: cannot open shared object file: No such file or directory (ignored)
[cpu-node1:69787] mca_base_component_repository_open: unable to open mca_rcache_gpusm: libcuda.so.1: cannot open shared object file: No such file or directory (ignored)
[cpu-node1:69788] mca_base_component_repository_open: unable to open mca_rcache_rgpusm: libcuda.so.1: cannot open shared object file: No such file or directory (ignored)
[cpu-node1:69789] mca_base_component_repository_open: unable to open mca_rcache_rgpusm: libcuda.so.1: cannot open shared object file: No such file or directory (ignored)
[cpu-node1:69787] mca_base_component_repository_open: unable to open mca_rcache_rgpusm: libcuda.so.1: cannot open shared object file: No such file or directory (ignored)
[cpu-node1:69786] mca_base_component_repository_open: unable to open mca_rcache_gpusm: libcuda.so.1: cannot open shared object file: No such file or directory (ignored)
[cpu-node1:69786] mca_base_component_repository_open: unable to open mca_rcache_rgpusm: libcuda.so.1: cannot open shared object file: No such file or directory (ignored)
