+-----------------------------------------------------------------------------------------------------------+ 
| MFC case # mfc-anu-tgv-3d-a100 @ /scratch/jobs/35219169188/MFC/benchmark/anu_tgv_3d-a100/case.py:         |
+-----------------------------------------------------------------------------------------------------------+ 
| * Start-time     12:05:45                            * Start-date     12:05:45                            |
| * Partition      gpu                                 * Walltime       01:00:00                            |
| * Account        N/A                                 * Nodes          2                                   |
| * Job Name       mfc-anu-tgv-3d-a100                 * Engine         batch                               |
| * QoS            N/A                                 * Binary         N/A                                 |
| * Queue System   SLURM                               * Email          N/A                                 |
+-----------------------------------------------------------------------------------------------------------+ 

host        : gpu-node1
nodes/tasks : 2 x 4
mpirun      : /work/nvhpc/Linux_x86_64/25.7/comm_libs/12.9/hpcx/hpcx-2.22.1/ompi/bin/mpirun
fabric      : ibp161s0 (UCX_TLS=rc,sm,self,cuda_copy,cuda_ipc)

mfc: OK > :) Running syscheck:

 [TEST] MPI: call mpi_init(ierr)
 [TEST] MPI: call mpi_init(ierr)
 [TEST] MPI: call mpi_init(ierr)
 [TEST] MPI: call mpi_init(ierr)
 [TEST] MPI: call mpi_init(ierr)
 [TEST] MPI: call mpi_init(ierr)
 [TEST] MPI: call mpi_init(ierr)
 [TEST] MPI: call mpi_init(ierr)
 [TEST] MPI: call mpi_comm_rank(MPI_COMM_WORLD, rank, ierr)
 [TEST] MPI: call mpi_comm_rank(MPI_COMM_WORLD, rank, ierr)
 [TEST] MPI: call mpi_comm_rank(MPI_COMM_WORLD, rank, ierr)
 [TEST] MPI: call mpi_barrier(MPI_COMM_WORLD, ierr)
 [TEST] MPI: call mpi_comm_rank(MPI_COMM_WORLD, rank, ierr)
 [TEST] MPI: call mpi_comm_rank(MPI_COMM_WORLD, rank, ierr)
 [TEST] MPI: call mpi_comm_rank(MPI_COMM_WORLD, rank, ierr)
 [TEST] MPI: call mpi_comm_rank(MPI_COMM_WORLD, rank, ierr)
 [TEST] MPI: call mpi_comm_rank(MPI_COMM_WORLD, rank, ierr)
 [TEST] MPI: call assert(rank >= 0)
 [TEST] MPI: call mpi_comm_size(MPI_COMM_WORLD, nRanks, ierr)
 [TEST] MPI: call assert(nRanks > 0 .and. rank < nRanks)
 [TEST] ACC: devtype = acc_get_device_type()
 [TEST] ACC: num_devices = acc_get_num_devices(devtype)
 [TEST] ACC: call assert(num_devices > 0)
 [TEST] ACC: call acc_set_device_num(mod(rank, nRanks), devtype)
 [TEST] ACC: allocate(arr(1:N))
 [TEST] ACC: !$acc enter data create(arr(1:N))
 [TEST] ACC: !$acc parallel loop
 [TEST] ACC: !$acc update host(arr(1:N))
 [TEST] ACC: !$acc exit data delete(arr)
 [SKIP] OMP: num_devices_omp = omp_get_num_devices()
 [SKIP] OMP: call assert(num_devices_omp > 0)
 [SKIP] OMP: call omp_set_default_device(mod(rank, nRanks))
 [TEST] MPI: call mpi_barrier(MPI_COMM_WORLD, ierr)
 [TEST] MPI: call mpi_finalize(ierr)
 
 Syscheck: PASSED.

mfc: OK > :) Running pre_process:

 Pre-processing a 399x399x399 case on 8 rank(s)
 Processing patch            1
 Elapsed Time    11.64002203941345     

mfc: OK > :) Running simulation:

 Simulating a regular 399x399x399 case on 8 rank(s) with OpenACC offloading.
 [  0%]  Time step        1 of 21 @ t_step =        0 Time Avg = 0.000000E+00 Time/step= 0.000000E+00 ETA (HH:MM:SS) = 0:00:00
 [  5%]  Time step        2 of 21 @ t_step =        1 Time Avg = 0.000000E+00 Time/step= 6.361649E-01 ETA (HH:MM:SS) = 0:00:00
 [ 10%]  Time step        3 of 21 @ t_step =        2 Time Avg = 0.000000E+00 Time/step= 7.201872E-01 ETA (HH:MM:SS) = 0:00:00
 [ 15%]  Time step        4 of 21 @ t_step =        3 Time Avg = 7.075078E-01 Time/step= 7.075078E-01 ETA (HH:MM:SS) = 0:00:12
 [ 20%]  Time step        5 of 21 @ t_step =        4 Time Avg = 6.996590E-01 Time/step= 6.918101E-01 ETA (HH:MM:SS) = 0:00:11
 [ 24%]  Time step        6 of 21 @ t_step =        5 Time Avg = 6.885687E-01 Time/step= 6.663880E-01 ETA (HH:MM:SS) = 0:00:10
 [ 29%]  Time step        7 of 21 @ t_step =        6 Time Avg = 6.883045E-01 Time/step= 6.875119E-01 ETA (HH:MM:SS) = 0:00:09
 [ 34%]  Time step        8 of 21 @ t_step =        7 Time Avg = 6.880840E-01 Time/step= 6.872020E-01 ETA (HH:MM:SS) = 0:00:08
 [ 39%]  Time step        9 of 21 @ t_step =        8 Time Avg = 6.899398E-01 Time/step= 6.992190E-01 ETA (HH:MM:SS) = 0:00:08
 [ 43%]  Time step       10 of 21 @ t_step =        9 Time Avg = 6.808640E-01 Time/step= 6.264091E-01 ETA (HH:MM:SS) = 0:00:07
 [ 48%]  Time step       11 of 21 @ t_step =       10 Time Avg = 6.760081E-01 Time/step= 6.420169E-01 ETA (HH:MM:SS) = 0:00:06
 [ 53%]  Time step       12 of 21 @ t_step =       11 Time Avg = 6.756690E-01 Time/step= 6.729560E-01 ETA (HH:MM:SS) = 0:00:06
 [ 58%]  Time step       13 of 21 @ t_step =       12 Time Avg = 6.741244E-01 Time/step= 6.602230E-01 ETA (HH:MM:SS) = 0:00:05
 [ 62%]  Time step       14 of 21 @ t_step =       13 Time Avg = 6.770277E-01 Time/step= 7.060611E-01 ETA (HH:MM:SS) = 0:00:04
 [ 67%]  Time step       15 of 21 @ t_step =       14 Time Avg = 6.743291E-01 Time/step= 6.446440E-01 ETA (HH:MM:SS) = 0:00:04
 [ 72%]  Time step       16 of 21 @ t_step =       15 Time Avg = 6.752062E-01 Time/step= 6.857312E-01 ETA (HH:MM:SS) = 0:00:03
 [ 77%]  Time step       17 of 21 @ t_step =       16 Time Avg = 6.736119E-01 Time/step= 6.528859E-01 ETA (HH:MM:SS) = 0:00:02
 [ 81%]  Time step       18 of 21 @ t_step =       17 Time Avg = 6.739691E-01 Time/step= 6.789708E-01 ETA (HH:MM:SS) = 0:00:02
 [ 86%]  Time step       19 of 21 @ t_step =       18 Time Avg = 6.728337E-01 Time/step= 6.558020E-01 ETA (HH:MM:SS) = 0:00:01
 [ 91%]  Time step       20 of 21 @ t_step =       19 Time Avg = 6.714125E-01 Time/step= 6.486740E-01 ETA (HH:MM:SS) = 0:00:00
 Performance:   0.4921349170376964      ns/gp/eq/rhs

+-----------------------------------------------------------------------------------------------------------+ 
| Finished mfc-anu-tgv-3d-a100:                                                                             |
| * Total-time:    50s                                 * Exit Code:     0                                   |
| * End-time:      12:06:35                            * End-date:      12:06:35                            |
+-----------------------------------------------------------------------------------------------------------+ 
