+ mpirun -np 4 --map-by ppr:4:node --bind-to core /work/mfc/5.6.1-gcc13-ompi5/haswell/build/install/cpu-ccca43eb0a/bin/syscheck
Exception caught: rsmi_init.
[cpu-node1:68819] mca_base_component_repository_open: unable to open mca_accelerator_cuda: libcuda.so.1: cannot open shared object file: No such file or directory (ignored)
[cpu-node1:68818] mca_base_component_repository_open: unable to open mca_accelerator_cuda: libcuda.so.1: cannot open shared object file: No such file or directory (ignored)
[cpu-node1:68821] mca_base_component_repository_open: unable to open mca_accelerator_cuda: libcuda.so.1: cannot open shared object file: No such file or directory (ignored)
[cpu-node1:68820] mca_base_component_repository_open: unable to open mca_accelerator_cuda: libcuda.so.1: cannot open shared object file: No such file or directory (ignored)
[cpu-node1:68820] mca_base_component_repository_open: unable to open mca_rcache_gpusm: libcuda.so.1: cannot open shared object file: No such file or directory (ignored)
[cpu-node1:68818] mca_base_component_repository_open: unable to open mca_rcache_gpusm: libcuda.so.1: cannot open shared object file: No such file or directory (ignored)
[cpu-node1:68821] mca_base_component_repository_open: unable to open mca_rcache_gpusm: libcuda.so.1: cannot open shared object file: No such file or directory (ignored)
[cpu-node1:68819] mca_base_component_repository_open: unable to open mca_rcache_gpusm: libcuda.so.1: cannot open shared object file: No such file or directory (ignored)
[cpu-node1:68818] mca_base_component_repository_open: unable to open mca_rcache_rgpusm: libcuda.so.1: cannot open shared object file: No such file or directory (ignored)
[cpu-node1:68820] mca_base_component_repository_open: unable to open mca_rcache_rgpusm: libcuda.so.1: cannot open shared object file: No such file or directory (ignored)
[cpu-node1:68821] mca_base_component_repository_open: unable to open mca_rcache_rgpusm: libcuda.so.1: cannot open shared object file: No such file or directory (ignored)
[cpu-node1:68819] mca_base_component_repository_open: unable to open mca_rcache_rgpusm: libcuda.so.1: cannot open shared object file: No such file or directory (ignored)
+ mpirun -np 4 --map-by ppr:4:node --bind-to core /work/mfc/5.6.1-gcc13-ompi5/haswell/build/install/cpu-77ad0e446d/bin/pre_process
Exception caught: rsmi_init.
[cpu-node1:68843] mca_base_component_repository_open: unable to open mca_accelerator_cuda: libcuda.so.1: cannot open shared object file: No such file or directory (ignored)
[cpu-node1:68844] mca_base_component_repository_open: unable to open mca_accelerator_cuda: libcuda.so.1: cannot open shared object file: No such file or directory (ignored)
[cpu-node1:68845] mca_base_component_repository_open: unable to open mca_accelerator_cuda: libcuda.so.1: cannot open shared object file: No such file or directory (ignored)
[cpu-node1:68846] mca_base_component_repository_open: unable to open mca_accelerator_cuda: libcuda.so.1: cannot open shared object file: No such file or directory (ignored)
[cpu-node1:68843] mca_base_component_repository_open: unable to open mca_rcache_gpusm: libcuda.so.1: cannot open shared object file: No such file or directory (ignored)
[cpu-node1:68845] mca_base_component_repository_open: unable to open mca_rcache_gpusm: libcuda.so.1: cannot open shared object file: No such file or directory (ignored)
[cpu-node1:68843] mca_base_component_repository_open: unable to open mca_rcache_rgpusm: libcuda.so.1: cannot open shared object file: No such file or directory (ignored)
[cpu-node1:68845] mca_base_component_repository_open: unable to open mca_rcache_rgpusm: libcuda.so.1: cannot open shared object file: No such file or directory (ignored)
[cpu-node1:68844] mca_base_component_repository_open: unable to open mca_rcache_gpusm: libcuda.so.1: cannot open shared object file: No such file or directory (ignored)
[cpu-node1:68844] mca_base_component_repository_open: unable to open mca_rcache_rgpusm: libcuda.so.1: cannot open shared object file: No such file or directory (ignored)
[cpu-node1:68846] mca_base_component_repository_open: unable to open mca_rcache_gpusm: libcuda.so.1: cannot open shared object file: No such file or directory (ignored)
[cpu-node1:68846] mca_base_component_repository_open: unable to open mca_rcache_rgpusm: libcuda.so.1: cannot open shared object file: No such file or directory (ignored)
+ mpirun -np 4 --map-by ppr:4:node --bind-to core /work/mfc/5.6.1-gcc13-ompi5/haswell/build/install/cpu-503a859d02/bin/simulation
Exception caught: rsmi_init.
[cpu-node1:68893] mca_base_component_repository_open: unable to open mca_accelerator_cuda: libcuda.so.1: cannot open shared object file: No such file or directory (ignored)
[cpu-node1:68892] mca_base_component_repository_open: unable to open mca_accelerator_cuda: libcuda.so.1: cannot open shared object file: No such file or directory (ignored)
[cpu-node1:68894] mca_base_component_repository_open: unable to open mca_accelerator_cuda: libcuda.so.1: cannot open shared object file: No such file or directory (ignored)
[cpu-node1:68895] mca_base_component_repository_open: unable to open mca_accelerator_cuda: libcuda.so.1: cannot open shared object file: No such file or directory (ignored)
[cpu-node1:68894] mca_base_component_repository_open: unable to open mca_rcache_gpusm: libcuda.so.1: cannot open shared object file: No such file or directory (ignored)
[cpu-node1:68893] mca_base_component_repository_open: unable to open mca_rcache_gpusm: libcuda.so.1: cannot open shared object file: No such file or directory (ignored)
[cpu-node1:68892] mca_base_component_repository_open: unable to open mca_rcache_gpusm: libcuda.so.1: cannot open shared object file: No such file or directory (ignored)
[cpu-node1:68895] mca_base_component_repository_open: unable to open mca_rcache_gpusm: libcuda.so.1: cannot open shared object file: No such file or directory (ignored)
[cpu-node1:68894] mca_base_component_repository_open: unable to open mca_rcache_rgpusm: libcuda.so.1: cannot open shared object file: No such file or directory (ignored)
[cpu-node1:68893] mca_base_component_repository_open: unable to open mca_rcache_rgpusm: libcuda.so.1: cannot open shared object file: No such file or directory (ignored)
[cpu-node1:68892] mca_base_component_repository_open: unable to open mca_rcache_rgpusm: libcuda.so.1: cannot open shared object file: No such file or directory (ignored)
[cpu-node1:68895] mca_base_component_repository_open: unable to open mca_rcache_rgpusm: libcuda.so.1: cannot open shared object file: No such file or directory (ignored)
