+-----------------------------------------------------------------------------------------------------------+ 
| MFC case # mfc-h100-hllc-01 @ /data/jobs/36817096579/MFC/Ayush/h100-hllc-01/case.py:                      |
+-----------------------------------------------------------------------------------------------------------+ 
| * Start-time     04:52:12                            * Start-date     04:52:12                            |
| * Partition      all                                 * Walltime       01:00:00                            |
| * Account        N/A                                 * Nodes          1                                   |
| * Job Name       mfc-h100-hllc-01                    * Engine         batch                               |
| * QoS            N/A                                 * Binary         N/A                                 |
| * Queue System   SLURM                               * Email          N/A                                 |
+-----------------------------------------------------------------------------------------------------------+ 

host        : scc-connect-03-gpu01
nodes/tasks : 1 x 2
mpirun      : /opt/nvidia/hpc_sdk/Linux_x86_64/26.9/comm_libs/13.3/hpcx/hpcx-2.50/ompi5/bin/mpirun
UCX_TLS     : sm,self,cuda_copy,cuda_ipc
0, NVIDIA H100 NVL, 0 MiB
1, NVIDIA H100 NVL, 0 MiB

mfc: OK > :) Running syscheck:

 [TEST] MPI: call mpi_init(ierr)
 [TEST] MPI: call mpi_init(ierr)
 [TEST] MPI: call mpi_comm_rank(MPI_COMM_WORLD, rank, ierr)
 [TEST] MPI: call mpi_barrier(MPI_COMM_WORLD, ierr)
 [TEST] MPI: call assert(rank >= 0)
 [TEST] MPI: call mpi_comm_size(MPI_COMM_WORLD, nRanks, ierr)
 [TEST] MPI: call assert(nRanks > 0 .and. rank < nRanks)
 [TEST] ACC: devtype = acc_get_device_type()
 [TEST] ACC: num_devices = acc_get_num_devices(devtype)
 [TEST] ACC: call assert(num_devices > 0)
 [TEST] ACC: call acc_set_device_num(mod(rank, nRanks), devtype)
 [TEST] MPI: call mpi_comm_rank(MPI_COMM_WORLD, rank, ierr)
 [TEST] ACC: allocate(arr(1:N))
 [TEST] ACC: !$acc enter data create(arr(1:N))
 [TEST] ACC: !$acc parallel loop
 [TEST] ACC: !$acc update host(arr(1:N))
 [TEST] ACC: !$acc exit data delete(arr)
 [SKIP] OMP: num_devices_omp = omp_get_num_devices()
 [SKIP] OMP: call assert(num_devices_omp > 0)
 [SKIP] OMP: call omp_set_default_device(mod(rank, nRanks))
 [TEST] MPI: call mpi_barrier(MPI_COMM_WORLD, ierr)
 [TEST] MPI: call mpi_finalize(ierr)
 
 Syscheck: PASSED.

mfc: OK > :) Running pre_process:

 Pre-processing a 398x199x199 case on 2 rank(s)
 Processing patch            1
 Processing patch            2
 Processing patch            3
 Elapsed Time    28.30198597908020     

mfc: OK > :) Running simulation:

 Simulating a regular 398x199x199 case on 2 rank(s) with OpenACC offloading.
 [  0%]  Time step        1 of 21 @ t_step =        0 Time Avg = 0.000000E+00 Time/step= 0.000000E+00 ETA (HH:MM:SS) = 0:00:00
 [  5%]  Time step        2 of 21 @ t_step =        1 Time Avg = 0.000000E+00 Time/step= 1.715710E-01 ETA (HH:MM:SS) = 0:00:00
 [ 10%]  Time step        3 of 21 @ t_step =        2 Time Avg = 0.000000E+00 Time/step= 1.555910E-01 ETA (HH:MM:SS) = 0:00:00
 [ 15%]  Time step        4 of 21 @ t_step =        3 Time Avg = 1.549101E-01 Time/step= 1.549101E-01 ETA (HH:MM:SS) = 0:00:02
 [ 20%]  Time step        5 of 21 @ t_step =        4 Time Avg = 1.545026E-01 Time/step= 1.540952E-01 ETA (HH:MM:SS) = 0:00:02
 [ 24%]  Time step        6 of 21 @ t_step =        5 Time Avg = 1.542660E-01 Time/step= 1.537929E-01 ETA (HH:MM:SS) = 0:00:02
 [ 29%]  Time step        7 of 21 @ t_step =        6 Time Avg = 1.549816E-01 Time/step= 1.571281E-01 ETA (HH:MM:SS) = 0:00:02
 [ 34%]  Time step        8 of 21 @ t_step =        7 Time Avg = 1.545784E-01 Time/step= 1.529660E-01 ETA (HH:MM:SS) = 0:00:02
 [ 39%]  Time step        9 of 21 @ t_step =        8 Time Avg = 1.545369E-01 Time/step= 1.543291E-01 ETA (HH:MM:SS) = 0:00:01
 [ 43%]  Time step       10 of 21 @ t_step =        9 Time Avg = 1.545139E-01 Time/step= 1.543760E-01 ETA (HH:MM:SS) = 0:00:01
 [ 48%]  Time step       11 of 21 @ t_step =       10 Time Avg = 1.546116E-01 Time/step= 1.552951E-01 ETA (HH:MM:SS) = 0:00:01
 [ 53%]  Time step       12 of 21 @ t_step =       11 Time Avg = 1.547518E-01 Time/step= 1.558740E-01 ETA (HH:MM:SS) = 0:00:01
 [ 58%]  Time step       13 of 21 @ t_step =       12 Time Avg = 1.546866E-01 Time/step= 1.540999E-01 ETA (HH:MM:SS) = 0:00:01
 [ 62%]  Time step       14 of 21 @ t_step =       13 Time Avg = 1.545379E-01 Time/step= 1.530502E-01 ETA (HH:MM:SS) = 0:00:01
 [ 67%]  Time step       15 of 21 @ t_step =       14 Time Avg = 1.545536E-01 Time/step= 1.547270E-01 ETA (HH:MM:SS) = 0:00:00
 [ 72%]  Time step       16 of 21 @ t_step =       15 Time Avg = 1.546009E-01 Time/step= 1.551678E-01 ETA (HH:MM:SS) = 0:00:00
 [ 77%]  Time step       17 of 21 @ t_step =       16 Time Avg = 1.545358E-01 Time/step= 1.536899E-01 ETA (HH:MM:SS) = 0:00:00
 [ 81%]  Time step       18 of 21 @ t_step =       17 Time Avg = 1.544435E-01 Time/step= 1.531508E-01 ETA (HH:MM:SS) = 0:00:00
 [ 86%]  Time step       19 of 21 @ t_step =       18 Time Avg = 1.544627E-01 Time/step= 1.547511E-01 ETA (HH:MM:SS) = 0:00:00
 [ 91%]  Time step       20 of 21 @ t_step =       19 Time Avg = 1.546165E-01 Time/step= 1.570771E-01 ETA (HH:MM:SS) = 0:00:00
 Performance:   0.3965204611984444      ns/gp/eq/rhs

+-----------------------------------------------------------------------------------------------------------+ 
| Finished mfc-h100-hllc-01:                                                                                |
| * Total-time:    92s                                 * Exit Code:     0                                   |
| * End-time:      04:53:44                            * End-date:      04:53:44                            |
+-----------------------------------------------------------------------------------------------------------+ 
