node : scc-connect-03-gpu01
gpus : 2 x NVIDIA H100 NVL
ranks: 2

================================================================================
HPL-NVIDIA 26.2.1  -- NVIDIA accelerated HPL benchmark -- NVIDIA
================================================================================
HPLinpack 2.1  --  High-Performance Linpack benchmark  --   October 26, 2012
Written by A. Petitet and R. Clint Whaley,  Innovative Computing Laboratory, UTK
Modified by Piotr Luszczek, Innovative Computing Laboratory, UTK
Modified by Julien Langou, University of Colorado Denver
================================================================================

An explanation of the input/output parameters follows:
T/V    : Wall time / encoded variant.
N      : The order of the coefficient matrix A.
NB     : The partitioning blocking factor.
P      : The number of process rows.
Q      : The number of process columns.
Time   : Time in seconds to solve the linear system.
Gflops : Rate of execution for solving the linear system.

The following parameter values will be used:

N      : 1000000 
NB     :     512 
PMAP   : Column-major process mapping
P      :       1 
Q      :       2 
PFACT  :    Left 
NBMIN  :       2 
NDIV   :       2 
RFACT  :    Left 
BCAST  :  2ringM 
DEPTH  :       1 
SWAP   : Spread-roll (long)
L1     : no-transposed form
U      : transposed form
EQUIL  : no
ALIGN  : 8 double precision words

--------------------------------------------------------------------------------

- The matrix A is randomly generated for each test.
- The following scaled residual check will be computed:
      ||Ax-b||_oo / ( eps * ( || x ||_oo * || A ||_oo + || b ||_oo ) * N )
- The relative machine precision (eps) is taken to be               1.110223e-16
- Computational tests pass if scaled residuals are less than                16.0


HPL-NVIDIA ignores the following parameters from input file:
	* Broadcast parameters
	* Panel factorization parameters
	* Look-ahead value
	* L1 layout
	* U layout
	* Equilibration parameter
	* Memory alignment parameter

HPL-NVIDIA settings from environment variables:
--- DEVICE INFO ---
  Peak clock frequency: 1785 MHz
  SM version          : 90
  Number of SMs       : 132
-------------------
[HPL TRACE] cuda_nvshmem_init: max=0.8183 (0) min=0.8183 (1)
[WARNING] Change Input N 1000000 to 999936
[HPL TRACE] ncclCommInitRank: max=0.8879 (1) min=0.8879 (0)
[HPL TRACE] cugetrfs_mp_init: max=1.0127 (0) min=1.0126 (1)
--- MEMORY INFO ---
DEVICE
  System           =      5.34816 GiB (MIN)      5.34816 GiB (MAX)      5.34816 GiB (AVG)
  HPL buffers      =   3735.53448 GiB (MIN)   3739.34894 GiB (MAX)   3737.44171 GiB (AVG)
  Used             =   3740.88264 GiB (MIN)   3744.69710 GiB (MAX)   3742.78987 GiB (AVG)
  Total            =     93.58398 GiB (MIN)     93.58398 GiB (MAX)     93.58398 GiB (AVG)
HOST
  HPL buffers      =      0.00747 GiB (MIN)      0.00747 GiB (MAX)      0.00747 GiB (AVG)
-------------------
