node scc-connect-03-gpu01: power limit default 310 W, min 200 W; supported mem clocks: 1593 2619 
=== baseline ===
<0-15> is invalid
libnuma: Warning: cpu argument 15 out of range

usage: numactl [--all | -a] [--balancing | -b] [--interleave= | -i <nodes>]
		[--preferred= | -p <node>] [--preferred-many= | -P <nodes>]
               [--physcpubind= | -C <cpus>] [--cpunodebind= | -N <nodes>]
               [--membind= | -m <nodes>] [--localalloc | -l] command args ...
               [--localalloc | -l] command args ...
       numactl [--show | -s]
       numactl [--hardware | -H] [--cpu-compress]
       numactl [--version]
       numactl [--length | -L <length>] [--offset | -o <offset>] [--shmmode | -M <shmmode>]
               [--strict | -t]
               [--shmid | -I <id>] --shm | -S <shmkeyfile>
               [--shmid | -I <id>] --file | -f <tmpfsfile>
               [--huge | -u] [--touch | -T] 
               memory policy [--dump | -d] [--dump-nodes | -D]

memory policy is --interleave | -i, --preferred | -p, --membind | -m, --localalloc | -l
<nodes> is a comma delimited list of node numbers or A-B ranges or all.
Instead of a number a node can also be:
  netdev:DEV the node connected to network device DEV
  file:PATH  the node the block device of path is connected to
  ip:HOST    the node of the network device host routes through
  block:PATH the node of block device path
  pci:[seg:]bus:dev[:func] The node of a PCI device
<cpus> is a comma delimited list of cpu numbers or A-B ranges or all
all ranges can be inverted with !
all numbers and ranges can be made cpuset-relative with +
the old --cpubind argument is deprecated.
use --cpunodebind or --physcpubind instead
use --balancing | -b to enable Linux kernel NUMA balancing
for the process if it is supported by kernel
<length> can have g (GB), m (MB) or k (KB) suffixes
--------------------------------------------------------------------------
Primary job  terminated normally, but 1 process returned
a non-zero exit code. Per user-direction, the job has been aborted.
--------------------------------------------------------------------------
--------------------------------------------------------------------------
mpirun detected that one or more processes exited with non-zero status, thus causing
the job to be terminated. The first process to do so was:

  Process name: [[22491,1],0]
  Exit code:    1
--------------------------------------------------------------------------
baseline: 0 GFLOP/s, ~64 W per GPU, SM ~345 MHz, ~0.0 GFLOP/s/W
This option is not supported. Please use --lock-memory-clocks-deferred instead.
This option is not supported. Please use --lock-memory-clocks-deferred instead.
All done.
=== mem1593 ===
<0-15> is invalid
libnuma: Warning: cpu argument 15 out of range

usage: numactl [--all | -a] [--balancing | -b] [--interleave= | -i <nodes>]
		[--preferred= | -p <node>] [--preferred-many= | -P <nodes>]
               [--physcpubind= | -C <cpus>] [--cpunodebind= | -N <nodes>]
               [--membind= | -m <nodes>] [--localalloc | -l] command args ...
               [--localalloc | -l] command args ...
       numactl [--show | -s]
       numactl [--hardware | -H] [--cpu-compress]
       numactl [--version]
       numactl [--length | -L <length>] [--offset | -o <offset>] [--shmmode | -M <shmmode>]
               [--strict | -t]
               [--shmid | -I <id>] --shm | -S <shmkeyfile>
               [--shmid | -I <id>] --file | -f <tmpfsfile>
               [--huge | -u] [--touch | -T] 
               memory policy [--dump | -d] [--dump-nodes | -D]

memory policy is --interleave | -i, --preferred | -p, --membind | -m, --localalloc | -l
<nodes> is a comma delimited list of node numbers or A-B ranges or all.
Instead of a number a node can also be:
  netdev:DEV the node connected to network device DEV
  file:PATH  the node the block device of path is connected to
  ip:HOST    the node of the network device host routes through
  block:PATH the node of block device path
  pci:[seg:]bus:dev[:func] The node of a PCI device
<cpus> is a comma delimited list of cpu numbers or A-B ranges or all
all ranges can be inverted with !
all numbers and ranges can be made cpuset-relative with +
the old --cpubind argument is deprecated.
use --cpunodebind or --physcpubind instead
use --balancing | -b to enable Linux kernel NUMA balancing
for the process if it is supported by kernel
<length> can have g (GB), m (MB) or k (KB) suffixes
--------------------------------------------------------------------------
Primary job  terminated normally, but 1 process returned
a non-zero exit code. Per user-direction, the job has been aborted.
--------------------------------------------------------------------------
--------------------------------------------------------------------------
mpirun detected that one or more processes exited with non-zero status, thus causing
the job to be terminated. The first process to do so was:

  Process name: [[22116,1],0]
  Exit code:    1
--------------------------------------------------------------------------
mem1593: 0 GFLOP/s, ~64 W per GPU, SM ~345 MHz, ~0.0 GFLOP/s/W
Setting locked Memory clocks is not supported for GPU 00000000:17:00.0.
Treating as warning and moving on.
Setting locked Memory clocks is not supported for GPU 00000000:63:00.0.
Treating as warning and moving on.
All done.
Power limit for GPU 00000000:17:00.0 was set to 350.00 W from 310.00 W.

Warning: persistence mode is disabled on device 00000000:17:00.0. See the Known Issues section of the nvidia-smi(1) man page for more information. Run with [--help | -h] switch to get more information on how to enable persistence mode.
Power limit for GPU 00000000:63:00.0 was set to 350.00 W from 310.00 W.

Warning: persistence mode is disabled on device 00000000:63:00.0. See the Known Issues section of the nvidia-smi(1) man page for more information. Run with [--help | -h] switch to get more information on how to enable persistence mode.
All done.
=== pl350 ===
libnuma: Warning: cpu argument 15 out of range

usage: numactl [--all | -a] [--balancing | -b] [--interleave= | -i <nodes>]
		[--preferred= | -p <node>] [--preferred-many= | -P <nodes>]
               [--physcpubind= | -C <cpus>] [--cpunodebind= | -N <nodes>]
               [--membind= | -m <nodes>] [--localalloc | -l] command args ...
               [--localalloc | -l] command args ...
       numactl [--show | -s]
       numactl [--hardware | -H] [--cpu-compress]
       numactl [--version]
       numactl [--length | -L <length>] [--offset | -o <offset>] [--shmmode | -M <shmmode>]
               [--strict | -t]
               [--shmid | -I <id>] --shm | -S <shmkeyfile>
               [--shmid | -I <id>] --file | -f <tmpfsfile>
               [--huge | -u] [--touch | -T] 
               memory policy [--dump | -d] [--dump-nodes | -D]

memory policy is --interleave | -i, --preferred | -p, --membind | -m, --localalloc | -l
<nodes> is a comma delimited list of node numbers or A-B ranges or all.
Instead of a number a node can also be:
  netdev:DEV the node connected to network device DEV
  file:PATH  the node the block device of path is connected to
  ip:HOST    the node of the network device host routes through
  block:PATH the node of block device path
  pci:[seg:]bus:dev[:func] The node of a PCI device
<cpus> is a comma delimited list of cpu numbers or A-B ranges or all
all ranges can be inverted with !
all numbers and ranges can be made cpuset-relative with +
the old --cpubind argument is deprecated.
use --cpunodebind or --physcpubind instead
use --balancing | -b to enable Linux kernel NUMA balancing
for the process if it is supported by kernel
<length> can have g (GB), m (MB) or k (KB) suffixes
<0-15> is invalid
--------------------------------------------------------------------------
Primary job  terminated normally, but 1 process returned
a non-zero exit code. Per user-direction, the job has been aborted.
--------------------------------------------------------------------------
--------------------------------------------------------------------------
mpirun detected that one or more processes exited with non-zero status, thus causing
the job to be terminated. The first process to do so was:

  Process name: [[22193,1],0]
  Exit code:    1
--------------------------------------------------------------------------
pl350: 0 GFLOP/s, ~64 W per GPU, SM ~345 MHz, ~0.0 GFLOP/s/W
Power limit for GPU 00000000:17:00.0 was set to 300.00 W from 350.00 W.

Warning: persistence mode is disabled on device 00000000:17:00.0. See the Known Issues section of the nvidia-smi(1) man page for more information. Run with [--help | -h] switch to get more information on how to enable persistence mode.
Power limit for GPU 00000000:63:00.0 was set to 300.00 W from 350.00 W.

Warning: persistence mode is disabled on device 00000000:63:00.0. See the Known Issues section of the nvidia-smi(1) man page for more information. Run with [--help | -h] switch to get more information on how to enable persistence mode.
All done.
=== pl300 ===
libnuma: Warning: cpu argument 15 out of range

usage: numactl [--all | -a] [--balancing | -b] [--interleave= | -i <nodes>]
		[--preferred= | -p <node>] [--preferred-many= | -P <nodes>]
               [--physcpubind= | -C <cpus>] [--cpunodebind= | -N <nodes>]
               [--membind= | -m <nodes>] [--localalloc | -l] command args ...
               [--localalloc | -l] command args ...
       numactl [--show | -s]
       numactl [--hardware | -H] [--cpu-compress]
       numactl [--version]
       numactl [--length | -L <length>] [--offset | -o <offset>] [--shmmode | -M <shmmode>]
               [--strict | -t]
               [--shmid | -I <id>] --shm | -S <shmkeyfile>
               [--shmid | -I <id>] --file | -f <tmpfsfile>
               [--huge | -u] [--touch | -T] 
               memory policy [--dump | -d] [--dump-nodes | -D]

memory policy is --interleave | -i, --preferred | -p, --membind | -m, --localalloc | -l
<nodes> is a comma delimited list of node numbers or A-B ranges or all.
Instead of a number a node can also be:
  netdev:DEV the node connected to network device DEV
  file:PATH  the node the block device of path is connected to
  ip:HOST    the node of the network device host routes through
  block:PATH the node of block device path
  pci:[seg:]bus:dev[:func] The node of a PCI device
<cpus> is a comma delimited list of cpu numbers or A-B ranges or all
all ranges can be inverted with !
all numbers and ranges can be made cpuset-relative with +
the old --cpubind argument is deprecated.
use --cpunodebind or --physcpubind instead
use --balancing | -b to enable Linux kernel NUMA balancing
for the process if it is supported by kernel
<length> can have g (GB), m (MB) or k (KB) suffixes
<0-15> is invalid
--------------------------------------------------------------------------
Primary job  terminated normally, but 1 process returned
a non-zero exit code. Per user-direction, the job has been aborted.
--------------------------------------------------------------------------
--------------------------------------------------------------------------
mpirun detected that one or more processes exited with non-zero status, thus causing
the job to be terminated. The first process to do so was:

  Process name: [[22175,1],0]
  Exit code:    1
--------------------------------------------------------------------------
pl300: 0 GFLOP/s, ~64 W per GPU, SM ~345 MHz, ~0.0 GFLOP/s/W
Power limit for GPU 00000000:17:00.0 was set to 250.00 W from 300.00 W.

Warning: persistence mode is disabled on device 00000000:17:00.0. See the Known Issues section of the nvidia-smi(1) man page for more information. Run with [--help | -h] switch to get more information on how to enable persistence mode.
Power limit for GPU 00000000:63:00.0 was set to 250.00 W from 300.00 W.

Warning: persistence mode is disabled on device 00000000:63:00.0. See the Known Issues section of the nvidia-smi(1) man page for more information. Run with [--help | -h] switch to get more information on how to enable persistence mode.
All done.
=== pl250 ===
<0-15> is invalid
libnuma: Warning: cpu argument 15 out of range

usage: numactl [--all | -a] [--balancing | -b] [--interleave= | -i <nodes>]
		[--preferred= | -p <node>] [--preferred-many= | -P <nodes>]
               [--physcpubind= | -C <cpus>] [--cpunodebind= | -N <nodes>]
               [--membind= | -m <nodes>] [--localalloc | -l] command args ...
               [--localalloc | -l] command args ...
       numactl [--show | -s]
       numactl [--hardware | -H] [--cpu-compress]
       numactl [--version]
       numactl [--length | -L <length>] [--offset | -o <offset>] [--shmmode | -M <shmmode>]
               [--strict | -t]
               [--shmid | -I <id>] --shm | -S <shmkeyfile>
               [--shmid | -I <id>] --file | -f <tmpfsfile>
               [--huge | -u] [--touch | -T] 
               memory policy [--dump | -d] [--dump-nodes | -D]

memory policy is --interleave | -i, --preferred | -p, --membind | -m, --localalloc | -l
<nodes> is a comma delimited list of node numbers or A-B ranges or all.
Instead of a number a node can also be:
  netdev:DEV the node connected to network device DEV
  file:PATH  the node the block device of path is connected to
  ip:HOST    the node of the network device host routes through
  block:PATH the node of block device path
  pci:[seg:]bus:dev[:func] The node of a PCI device
<cpus> is a comma delimited list of cpu numbers or A-B ranges or all
all ranges can be inverted with !
all numbers and ranges can be made cpuset-relative with +
the old --cpubind argument is deprecated.
use --cpunodebind or --physcpubind instead
use --balancing | -b to enable Linux kernel NUMA balancing
for the process if it is supported by kernel
<length> can have g (GB), m (MB) or k (KB) suffixes
--------------------------------------------------------------------------
Primary job  terminated normally, but 1 process returned
a non-zero exit code. Per user-direction, the job has been aborted.
--------------------------------------------------------------------------
--------------------------------------------------------------------------
mpirun detected that one or more processes exited with non-zero status, thus causing
the job to be terminated. The first process to do so was:

  Process name: [[21802,1],0]
  Exit code:    1
--------------------------------------------------------------------------
pl250: 0 GFLOP/s, ~63 W per GPU, SM ~345 MHz, ~0.0 GFLOP/s/W
=== summary ===
baseline: 0 GFLOP/s, ~64 W per GPU, SM ~345 MHz, ~0.0 GFLOP/s/W
mem1593: 0 GFLOP/s, ~64 W per GPU, SM ~345 MHz, ~0.0 GFLOP/s/W
pl350: 0 GFLOP/s, ~64 W per GPU, SM ~345 MHz, ~0.0 GFLOP/s/W
pl300: 0 GFLOP/s, ~64 W per GPU, SM ~345 MHz, ~0.0 GFLOP/s/W
pl250: 0 GFLOP/s, ~63 W per GPU, SM ~345 MHz, ~0.0 GFLOP/s/W
Setting locked Memory clocks is not supported for GPU 00000000:17:00.0.
Treating as warning and moving on.
Setting locked Memory clocks is not supported for GPU 00000000:63:00.0.
Treating as warning and moving on.
All done.
All done.
Power limit for GPU 00000000:17:00.0 was set to 310.00 W from 250.00 W.

Warning: persistence mode is disabled on device 00000000:17:00.0. See the Known Issues section of the nvidia-smi(1) man page for more information. Run with [--help | -h] switch to get more information on how to enable persistence mode.
Power limit for GPU 00000000:63:00.0 was set to 310.00 W from 250.00 W.

Warning: persistence mode is disabled on device 00000000:63:00.0. See the Known Issues section of the nvidia-smi(1) man page for more information. Run with [--help | -h] switch to get more information on how to enable persistence mode.
All done.
