node   : cpu-node2
ranks  : 4 x 9 threads
binary : /scratch/jobs/35170075924/HPL/Ayush/n150k-36core-nb192/xhpl
[1789608507.541200] [cpu-node2:24901:0]     ucp_context.c:1492 UCX  WARN  network device 'mlx5_0:1' is not available, please use one or more of: 'eno1'(tcp), 'ibp129s0:1'(ib), 'ibs5'(tcp), 'lo'(tcp)
[1789608507.541355] [cpu-node2:24903:0]     ucp_context.c:1492 UCX  WARN  network device 'mlx5_0:1' is not available, please use one or more of: 'eno1'(tcp), 'ibp129s0:1'(ib), 'ibs5'(tcp), 'lo'(tcp)
[1789608507.541414] [cpu-node2:24900:0]     ucp_context.c:1492 UCX  WARN  network device 'mlx5_0:1' is not available, please use one or more of: 'eno1'(tcp), 'ibp129s0:1'(ib), 'ibs5'(tcp), 'lo'(tcp)
[1789608507.542018] [cpu-node2:24902:0]     ucp_context.c:1492 UCX  WARN  network device 'mlx5_0:1' is not available, please use one or more of: 'eno1'(tcp), 'ibp129s0:1'(ib), 'ibs5'(tcp), 'lo'(tcp)
================================================================================
HPLinpack 2.3  --  High-Performance Linpack benchmark  --   December 2, 2018
Written by A. Petitet and R. Clint Whaley,  Innovative Computing Laboratory, UTK
Modified by Piotr Luszczek, Innovative Computing Laboratory, UTK
Modified by Julien Langou, University of Colorado Denver
================================================================================

An explanation of the input/output parameters follows:
T/V    : Wall time / encoded variant.
N      : The order of the coefficient matrix A.
NB     : The partitioning blocking factor.
P      : The number of process rows.
Q      : The number of process columns.
Time   : Time in seconds to solve the linear system.
Gflops : Rate of execution for solving the linear system.

The following parameter values will be used:

N      :  150000 
NB     :     192 
PMAP   : Row-major process mapping
P      :       2 
Q      :       2 
PFACT  :   Crout 
NBMIN  :       2 
NDIV   :       2 
RFACT  :   Crout 
BCAST  :   2ring 
DEPTH  :       1 
SWAP   : Mix (threshold = 16)
L1     : transposed form
U      : transposed form
EQUIL  : yes
ALIGN  : 16 double precision words

--------------------------------------------------------------------------------

- The matrix A is randomly generated for each test.
- The following scaled residual check will be computed:
      ||Ax-b||_oo / ( eps * ( || x ||_oo * || A ||_oo + || b ||_oo ) * N )
- The relative machine precision (eps) is taken to be               1.110223e-16
- Computational tests pass if scaled residuals are less than                16.0

================================================================================
T/V                N    NB     P     Q               Time                 Gflops
--------------------------------------------------------------------------------
WR12C2C2      150000   192     2     2            2836.96             7.9312e+02
HPL_pdgesv() start time Thu Sep 17 01:30:20 2026

HPL_pdgesv() end time   Thu Sep 17 02:17:37 2026

--------------------------------------------------------------------------------
||Ax-b||_oo/(eps*(||A||_oo*||x||_oo+||b||_oo)*N)=   1.76761935e-03 ...... PASSED
================================================================================

Finished      1 tests with the following results:
              1 tests completed and passed residual checks,
              0 tests completed and failed residual checks,
              0 tests skipped because of illegal input values.
--------------------------------------------------------------------------------

End of Tests.
================================================================================
