[hpc-02:06246] MCW rank 0 bound to socket 0[core 0[hwt 0-1]], socket 0[core 1[hwt 0-1]], socket 0[core 2[hwt 0-1]], socket 0[core 3[hwt 0-1]], socket 0[core 4[hwt 0-1]], socket 0[core 5[hwt 0-1]], socket 0[core 6[hwt 0-1]], socket 0[core 7[hwt 0-1]]: [BB/BB/BB/BB/BB/BB/BB/BB][../../../../../../../..]
[hpc-02:06246] MCW rank 1 bound to socket 1[core 8[hwt 0-1]], socket 1[core 9[hwt 0-1]], socket 1[core 10[hwt 0-1]], socket 1[core 11[hwt 0-1]], socket 1[core 12[hwt 0-1]], socket 1[core 13[hwt 0-1]], socket 1[core 14[hwt 0-1]], socket 1[core 15[hwt 0-1]]: [../../../../../../../..][BB/BB/BB/BB/BB/BB/BB/BB]
[hpc-07:04774] MCW rank 8 bound to socket 0[core 0[hwt 0-1]], socket 0[core 1[hwt 0-1]], socket 0[core 2[hwt 0-1]], socket 0[core 3[hwt 0-1]], socket 0[core 4[hwt 0-1]], socket 0[core 5[hwt 0-1]], socket 0[core 6[hwt 0-1]], socket 0[core 7[hwt 0-1]]: [BB/BB/BB/BB/BB/BB/BB/BB][../../../../../../../..]
[hpc-06:05386] MCW rank 6 bound to socket 0[core 0[hwt 0-1]], socket 0[core 1[hwt 0-1]], socket 0[core 2[hwt 0-1]], socket 0[core 3[hwt 0-1]], socket 0[core 4[hwt 0-1]], socket 0[core 5[hwt 0-1]], socket 0[core 6[hwt 0-1]], socket 0[core 7[hwt 0-1]]: [BB/BB/BB/BB/BB/BB/BB/BB][../../../../../../../..]
[hpc-06:05386] MCW rank 7 bound to socket 1[core 8[hwt 0-1]], socket 1[core 9[hwt 0-1]], socket 1[core 10[hwt 0-1]], socket 1[core 11[hwt 0-1]], socket 1[core 12[hwt 0-1]], socket 1[core 13[hwt 0-1]], socket 1[core 14[hwt 0-1]], socket 1[core 15[hwt 0-1]]: [../../../../../../../..][BB/BB/BB/BB/BB/BB/BB/BB]
[hpc-07:04774] MCW rank 9 bound to socket 1[core 8[hwt 0-1]], socket 1[core 9[hwt 0-1]], socket 1[core 10[hwt 0-1]], socket 1[core 11[hwt 0-1]], socket 1[core 12[hwt 0-1]], socket 1[core 13[hwt 0-1]], socket 1[core 14[hwt 0-1]], socket 1[core 15[hwt 0-1]]: [../../../../../../../..][BB/BB/BB/BB/BB/BB/BB/BB]
[hpc-04:04855] MCW rank 4 bound to socket 0[core 0[hwt 0-1]], socket 0[core 1[hwt 0-1]], socket 0[core 2[hwt 0-1]], socket 0[core 3[hwt 0-1]], socket 0[core 4[hwt 0-1]], socket 0[core 5[hwt 0-1]], socket 0[core 6[hwt 0-1]], socket 0[core 7[hwt 0-1]]: [BB/BB/BB/BB/BB/BB/BB/BB][../../../../../../../..]
[hpc-04:04855] MCW rank 5 bound to socket 1[core 8[hwt 0-1]], socket 1[core 9[hwt 0-1]], socket 1[core 10[hwt 0-1]], socket 1[core 11[hwt 0-1]], socket 1[core 12[hwt 0-1]], socket 1[core 13[hwt 0-1]], socket 1[core 14[hwt 0-1]], socket 1[core 15[hwt 0-1]]: [../../../../../../../..][BB/BB/BB/BB/BB/BB/BB/BB]
[hpc-03:05012] MCW rank 2 bound to socket 0[core 0[hwt 0-1]], socket 0[core 1[hwt 0-1]], socket 0[core 2[hwt 0-1]], socket 0[core 3[hwt 0-1]], socket 0[core 4[hwt 0-1]], socket 0[core 5[hwt 0-1]], socket 0[core 6[hwt 0-1]], socket 0[core 7[hwt 0-1]]: [BB/BB/BB/BB/BB/BB/BB/BB][../../../../../../../..]
[hpc-03:05012] MCW rank 3 bound to socket 1[core 8[hwt 0-1]], socket 1[core 9[hwt 0-1]], socket 1[core 10[hwt 0-1]], socket 1[core 11[hwt 0-1]], socket 1[core 12[hwt 0-1]], socket 1[core 13[hwt 0-1]], socket 1[core 14[hwt 0-1]], socket 1[core 15[hwt 0-1]]: [../../../../../../../..][BB/BB/BB/BB/BB/BB/BB/BB]
--------------------------------------------------------------------------
A system call failed during shared memory initialization that should
not have.  It is likely that your MPI job will now either abort or
experience performance degradation.

  Local host:  hpc-06
  System call: unlink(2) /dev/shm/vader_segment.hpc-06.1000.8c8f0001.0
  Error:       No such file or directory (errno 2)
--------------------------------------------------------------------------
[hpc-04:04858] *** Process received signal ***
[hpc-04:04858] Signal: Segmentation fault (11)
[hpc-04:04858] Signal code: Address not mapped (1)
[hpc-04:04858] Failing at address: 0x79fc7d79e0c0
--------------------------------------------------------------------------
Primary job  terminated normally, but 1 process returned
a non-zero exit code. Per user-direction, the job has been aborted.
--------------------------------------------------------------------------
--------------------------------------------------------------------------
mpirun noticed that process rank 5 with PID 4858 on node hpc-04 exited on signal 11 (Segmentation fault).
--------------------------------------------------------------------------
[hpc-02:06246] 5 more processes have sent help message help-opal-shmem-mmap.txt / sys call fail
[hpc-02:06246] Set MCA parameter "orte_base_help_aggregate" to 0 to see all help / error messages
