+-----------------------------------------------------------------------------------------------------------+ 
| MFC case # mfc-5eq-rk3-weno3-lf-a100 @ /scratch/jobs/35187881911/MFC/benchmark/5eq_rk3_weno3_lf-a100/case.py: |
+-----------------------------------------------------------------------------------------------------------+ 
| * Start-time     08:14:00                            * Start-date     08:14:00                            |
| * Partition      gpu                                 * Walltime       01:00:00                            |
| * Account        N/A                                 * Nodes          2                                   |
| * Job Name       mfc-5eq-rk3-weno3-lf-a100           * Engine         batch                               |
| * QoS            N/A                                 * Binary         N/A                                 |
| * Queue System   SLURM                               * Email          N/A                                 |
+-----------------------------------------------------------------------------------------------------------+ 

host        : gpu-node1
nodes/tasks : 2 x 4
mpirun      : /work/nvhpc/Linux_x86_64/25.7/comm_libs/12.9/hpcx/hpcx-2.22.1/ompi/bin/mpirun
fabric      : ibp161s0 (UCX_TLS=rc,sm,self,cuda_copy,cuda_ipc)

mfc: OK > :) Running syscheck:

 [TEST] MPI: call mpi_init(ierr)
 [TEST] MPI: call mpi_init(ierr)
 [TEST] MPI: call mpi_init(ierr)
 [TEST] MPI: call mpi_init(ierr)
 [TEST] MPI: call mpi_init(ierr)
 [TEST] MPI: call mpi_init(ierr)
 [TEST] MPI: call mpi_init(ierr)
 [TEST] MPI: call mpi_init(ierr)
 [TEST] MPI: call mpi_comm_rank(MPI_COMM_WORLD, rank, ierr)
 [TEST] MPI: call mpi_comm_rank(MPI_COMM_WORLD, rank, ierr)
 [TEST] MPI: call mpi_comm_rank(MPI_COMM_WORLD, rank, ierr)
 [TEST] MPI: call mpi_comm_rank(MPI_COMM_WORLD, rank, ierr)
 [TEST] MPI: call mpi_comm_rank(MPI_COMM_WORLD, rank, ierr)
 [TEST] MPI: call mpi_barrier(MPI_COMM_WORLD, ierr)
 [TEST] MPI: call mpi_comm_rank(MPI_COMM_WORLD, rank, ierr)
 [TEST] MPI: call mpi_comm_rank(MPI_COMM_WORLD, rank, ierr)
 [TEST] MPI: call mpi_comm_rank(MPI_COMM_WORLD, rank, ierr)
 [TEST] MPI: call assert(rank >= 0)
 [TEST] MPI: call mpi_comm_size(MPI_COMM_WORLD, nRanks, ierr)
 [TEST] MPI: call assert(nRanks > 0 .and. rank < nRanks)
 [TEST] ACC: devtype = acc_get_device_type()
 [TEST] ACC: num_devices = acc_get_num_devices(devtype)
 [TEST] ACC: call assert(num_devices > 0)
 [TEST] ACC: call acc_set_device_num(mod(rank, nRanks), devtype)
 [TEST] ACC: allocate(arr(1:N))
 [TEST] ACC: !$acc enter data create(arr(1:N))
 [TEST] ACC: !$acc parallel loop
 [TEST] ACC: !$acc update host(arr(1:N))
 [TEST] ACC: !$acc exit data delete(arr)
 [SKIP] OMP: num_devices_omp = omp_get_num_devices()
 [SKIP] OMP: call assert(num_devices_omp > 0)
 [SKIP] OMP: call omp_set_default_device(mod(rank, nRanks))
 [TEST] MPI: call mpi_barrier(MPI_COMM_WORLD, ierr)
 [TEST] MPI: call mpi_finalize(ierr)
 
 Syscheck: PASSED.

mfc: OK > :) Running pre_process:

 Pre-processing a 634x317x317 case on 8 rank(s)
 Processing patch            1
 Processing patch            2
 Processing patch            3
 Elapsed Time    46.21923899650574     

mfc: OK > :) Running simulation:

 Simulating a regular 634x317x317 case on 8 rank(s) with OpenACC offloading.
 [  0%]  Time step        1 of 21 @ t_step =        0 Time Avg = 0.000000E+00 Time/step= 0.000000E+00 ETA (HH:MM:SS) = 0:00:00
 [  5%]  Time step        2 of 21 @ t_step =        1 Time Avg = 0.000000E+00 Time/step= 3.534989E-01 ETA (HH:MM:SS) = 0:00:00
 [ 10%]  Time step        3 of 21 @ t_step =        2 Time Avg = 0.000000E+00 Time/step= 2.786829E-01 ETA (HH:MM:SS) = 0:00:00
 [ 15%]  Time step        4 of 21 @ t_step =        3 Time Avg = 2.986431E-01 Time/step= 2.986431E-01 ETA (HH:MM:SS) = 0:00:05
 [ 20%]  Time step        5 of 21 @ t_step =        4 Time Avg = 2.940025E-01 Time/step= 2.893620E-01 ETA (HH:MM:SS) = 0:00:04
 [ 24%]  Time step        6 of 21 @ t_step =        5 Time Avg = 2.973383E-01 Time/step= 3.040099E-01 ETA (HH:MM:SS) = 0:00:04
 [ 29%]  Time step        7 of 21 @ t_step =        6 Time Avg = 2.964830E-01 Time/step= 2.939169E-01 ETA (HH:MM:SS) = 0:00:04
 [ 34%]  Time step        8 of 21 @ t_step =        7 Time Avg = 2.957608E-01 Time/step= 2.928720E-01 ETA (HH:MM:SS) = 0:00:03
 [ 39%]  Time step        9 of 21 @ t_step =        8 Time Avg = 2.957980E-01 Time/step= 2.959840E-01 ETA (HH:MM:SS) = 0:00:03
 [ 43%]  Time step       10 of 21 @ t_step =        9 Time Avg = 2.957059E-01 Time/step= 2.951531E-01 ETA (HH:MM:SS) = 0:00:03
 [ 48%]  Time step       11 of 21 @ t_step =       10 Time Avg = 2.958704E-01 Time/step= 2.970219E-01 ETA (HH:MM:SS) = 0:00:02
 [ 53%]  Time step       12 of 21 @ t_step =       11 Time Avg = 2.959836E-01 Time/step= 2.968891E-01 ETA (HH:MM:SS) = 0:00:02
 [ 58%]  Time step       13 of 21 @ t_step =       12 Time Avg = 2.953837E-01 Time/step= 2.899849E-01 ETA (HH:MM:SS) = 0:00:02
 [ 62%]  Time step       14 of 21 @ t_step =       13 Time Avg = 2.963810E-01 Time/step= 3.063540E-01 ETA (HH:MM:SS) = 0:00:02
 [ 67%]  Time step       15 of 21 @ t_step =       14 Time Avg = 2.956245E-01 Time/step= 2.873030E-01 ETA (HH:MM:SS) = 0:00:01
 [ 72%]  Time step       16 of 21 @ t_step =       15 Time Avg = 2.955237E-01 Time/step= 2.943141E-01 ETA (HH:MM:SS) = 0:00:01
 [ 77%]  Time step       17 of 21 @ t_step =       16 Time Avg = 2.959371E-01 Time/step= 3.013110E-01 ETA (HH:MM:SS) = 0:00:01
 [ 81%]  Time step       18 of 21 @ t_step =       17 Time Avg = 2.955242E-01 Time/step= 2.897439E-01 ETA (HH:MM:SS) = 0:00:00
 [ 86%]  Time step       19 of 21 @ t_step =       18 Time Avg = 2.954776E-01 Time/step= 2.947781E-01 ETA (HH:MM:SS) = 0:00:00
 [ 91%]  Time step       20 of 21 @ t_step =       19 Time Avg = 2.955305E-01 Time/step= 2.963769E-01 ETA (HH:MM:SS) = 0:00:00
 Performance:   0.1716764720830596      ns/gp/eq/rhs

+-----------------------------------------------------------------------------------------------------------+ 
| Finished mfc-5eq-rk3-weno3-lf-a100:                                                                       |
| * Total-time:    302s                                * Exit Code:     0                                   |
| * End-time:      08:19:02                            * End-date:      08:19:02                            |
+-----------------------------------------------------------------------------------------------------------+ 
