+-----------------------------------------------------------------------------------------------------------+ 
| MFC case # mfc-ibm-a100 @ /scratch/jobs/35187881911/MFC/benchmark/ibm-a100/case.py:                       |
+-----------------------------------------------------------------------------------------------------------+ 
| * Start-time     08:32:01                            * Start-date     08:32:01                            |
| * Partition      gpu                                 * Walltime       01:00:00                            |
| * Account        N/A                                 * Nodes          2                                   |
| * Job Name       mfc-ibm-a100                        * Engine         batch                               |
| * QoS            N/A                                 * Binary         N/A                                 |
| * Queue System   SLURM                               * Email          N/A                                 |
+-----------------------------------------------------------------------------------------------------------+ 

host        : gpu-node1
nodes/tasks : 2 x 4
mpirun      : /work/nvhpc/Linux_x86_64/25.7/comm_libs/12.9/hpcx/hpcx-2.22.1/ompi/bin/mpirun
fabric      : ibp161s0 (UCX_TLS=rc,sm,self,cuda_copy,cuda_ipc)

mfc: OK > :) Running syscheck:

 [TEST] MPI: call mpi_init(ierr)
 [TEST] MPI: call mpi_init(ierr)
 [TEST] MPI: call mpi_init(ierr)
 [TEST] MPI: call mpi_init(ierr)
 [TEST] MPI: call mpi_init(ierr)
 [TEST] MPI: call mpi_init(ierr)
 [TEST] MPI: call mpi_init(ierr)
 [TEST] MPI: call mpi_init(ierr)
 [TEST] MPI: call mpi_comm_rank(MPI_COMM_WORLD, rank, ierr)
 [TEST] MPI: call mpi_comm_rank(MPI_COMM_WORLD, rank, ierr)
 [TEST] MPI: call mpi_comm_rank(MPI_COMM_WORLD, rank, ierr)
 [TEST] MPI: call mpi_comm_rank(MPI_COMM_WORLD, rank, ierr)
 [TEST] MPI: call mpi_barrier(MPI_COMM_WORLD, ierr)
 [TEST] MPI: call mpi_comm_rank(MPI_COMM_WORLD, rank, ierr)
 [TEST] MPI: call mpi_comm_rank(MPI_COMM_WORLD, rank, ierr)
 [TEST] MPI: call mpi_comm_rank(MPI_COMM_WORLD, rank, ierr)
 [TEST] MPI: call mpi_comm_rank(MPI_COMM_WORLD, rank, ierr)
 [TEST] MPI: call assert(rank >= 0)
 [TEST] MPI: call mpi_comm_size(MPI_COMM_WORLD, nRanks, ierr)
 [TEST] MPI: call assert(nRanks > 0 .and. rank < nRanks)
 [TEST] ACC: devtype = acc_get_device_type()
 [TEST] ACC: num_devices = acc_get_num_devices(devtype)
 [TEST] ACC: call assert(num_devices > 0)
 [TEST] ACC: call acc_set_device_num(mod(rank, nRanks), devtype)
 [TEST] ACC: allocate(arr(1:N))
 [TEST] ACC: !$acc enter data create(arr(1:N))
 [TEST] ACC: !$acc parallel loop
 [TEST] ACC: !$acc update host(arr(1:N))
 [TEST] ACC: !$acc exit data delete(arr)
 [SKIP] OMP: num_devices_omp = omp_get_num_devices()
 [SKIP] OMP: call assert(num_devices_omp > 0)
 [SKIP] OMP: call omp_set_default_device(mod(rank, nRanks))
 [TEST] MPI: call mpi_barrier(MPI_COMM_WORLD, ierr)
 [TEST] MPI: call mpi_finalize(ierr)
 
 Syscheck: PASSED.

mfc: OK > :) Running pre_process:

 Pre-processing a 634x317x317 case on 8 rank(s)
 Processing patch            1
 Elapsed Time    96.27530694007874     

mfc: OK > :) Running simulation:

 Simulating a regular 634x317x317 case on 8 rank(s) with OpenACC offloading.
 Automatic choice of ib_neighborhood_radius selected:             1
 [  0%]  Time step        1 of 21 @ t_step =        0 Time Avg = 0.000000E+00 Time/step= 0.000000E+00 ETA (HH:MM:SS) = 0:00:00
 [  5%]  Time step        2 of 21 @ t_step =        1 Time Avg = 0.000000E+00 Time/step= 2.971663E+00 ETA (HH:MM:SS) = 0:00:00
 [ 10%]  Time step        3 of 21 @ t_step =        2 Time Avg = 0.000000E+00 Time/step= 1.063445E+00 ETA (HH:MM:SS) = 0:00:00
 [ 15%]  Time step        4 of 21 @ t_step =        3 Time Avg = 1.070819E+00 Time/step= 1.070819E+00 ETA (HH:MM:SS) = 0:00:18
 [ 20%]  Time step        5 of 21 @ t_step =        4 Time Avg = 1.070027E+00 Time/step= 1.069235E+00 ETA (HH:MM:SS) = 0:00:17
 [ 24%]  Time step        6 of 21 @ t_step =        5 Time Avg = 1.072883E+00 Time/step= 1.078594E+00 ETA (HH:MM:SS) = 0:00:16
 [ 29%]  Time step        7 of 21 @ t_step =        6 Time Avg = 1.073345E+00 Time/step= 1.074734E+00 ETA (HH:MM:SS) = 0:00:15
 [ 34%]  Time step        8 of 21 @ t_step =        7 Time Avg = 1.073698E+00 Time/step= 1.075108E+00 ETA (HH:MM:SS) = 0:00:13
 [ 39%]  Time step        9 of 21 @ t_step =        8 Time Avg = 1.073910E+00 Time/step= 1.074969E+00 ETA (HH:MM:SS) = 0:00:12
 [ 43%]  Time step       10 of 21 @ t_step =        9 Time Avg = 1.073279E+00 Time/step= 1.069496E+00 ETA (HH:MM:SS) = 0:00:11
 [ 48%]  Time step       11 of 21 @ t_step =       10 Time Avg = 1.073965E+00 Time/step= 1.078767E+00 ETA (HH:MM:SS) = 0:00:10
 [ 53%]  Time step       12 of 21 @ t_step =       11 Time Avg = 1.073202E+00 Time/step= 1.067100E+00 ETA (HH:MM:SS) = 0:00:09
 [ 58%]  Time step       13 of 21 @ t_step =       12 Time Avg = 1.073491E+00 Time/step= 1.076090E+00 ETA (HH:MM:SS) = 0:00:08
 [ 62%]  Time step       14 of 21 @ t_step =       13 Time Avg = 1.073357E+00 Time/step= 1.072011E+00 ETA (HH:MM:SS) = 0:00:07
 [ 67%]  Time step       15 of 21 @ t_step =       14 Time Avg = 1.073465E+00 Time/step= 1.074651E+00 ETA (HH:MM:SS) = 0:00:06
 [ 72%]  Time step       16 of 21 @ t_step =       15 Time Avg = 1.073461E+00 Time/step= 1.073419E+00 ETA (HH:MM:SS) = 0:00:05
 [ 77%]  Time step       17 of 21 @ t_step =       16 Time Avg = 1.073671E+00 Time/step= 1.076404E+00 ETA (HH:MM:SS) = 0:00:04
 [ 81%]  Time step       18 of 21 @ t_step =       17 Time Avg = 1.073823E+00 Time/step= 1.075947E+00 ETA (HH:MM:SS) = 0:00:03
 [ 86%]  Time step       19 of 21 @ t_step =       18 Time Avg = 1.073834E+00 Time/step= 1.073997E+00 ETA (HH:MM:SS) = 0:00:02
 [ 91%]  Time step       20 of 21 @ t_step =       19 Time Avg = 1.073904E+00 Time/step= 1.075024E+00 ETA (HH:MM:SS) = 0:00:01
 Performance:   0.6938527226468248      ns/gp/eq/rhs

+-----------------------------------------------------------------------------------------------------------+ 
| Finished mfc-ibm-a100:                                                                                    |
| * Total-time:    363s                                * Exit Code:     0                                   |
| * End-time:      08:38:04                            * End-date:      08:38:04                            |
+-----------------------------------------------------------------------------------------------------------+ 
