[hpc-02:66508] MCW rank 0 bound to socket 0[core 0[hwt 0-1]], socket 0[core 1[hwt 0-1]], socket 0[core 2[hwt 0-1]], socket 0[core 3[hwt 0-1]], socket 0[core 4[hwt 0-1]], socket 0[core 5[hwt 0-1]], socket 0[core 6[hwt 0-1]], socket 0[core 7[hwt 0-1]]: [BB/BB/BB/BB/BB/BB/BB/BB][../../../../../../../..]
[hpc-02:66508] MCW rank 1 bound to socket 1[core 8[hwt 0-1]], socket 1[core 9[hwt 0-1]], socket 1[core 10[hwt 0-1]], socket 1[core 11[hwt 0-1]], socket 1[core 12[hwt 0-1]], socket 1[core 13[hwt 0-1]], socket 1[core 14[hwt 0-1]], socket 1[core 15[hwt 0-1]]: [../../../../../../../..][BB/BB/BB/BB/BB/BB/BB/BB]
[hpc-04:112373] MCW rank 5 bound to socket 1[core 8[hwt 0-1]], socket 1[core 9[hwt 0-1]], socket 1[core 10[hwt 0-1]], socket 1[core 11[hwt 0-1]], socket 1[core 12[hwt 0-1]], socket 1[core 13[hwt 0-1]], socket 1[core 14[hwt 0-1]], socket 1[core 15[hwt 0-1]]: [../../../../../../../..][BB/BB/BB/BB/BB/BB/BB/BB]
[hpc-04:112373] MCW rank 4 bound to socket 0[core 0[hwt 0-1]], socket 0[core 1[hwt 0-1]], socket 0[core 2[hwt 0-1]], socket 0[core 3[hwt 0-1]], socket 0[core 4[hwt 0-1]], socket 0[core 5[hwt 0-1]], socket 0[core 6[hwt 0-1]], socket 0[core 7[hwt 0-1]]: [BB/BB/BB/BB/BB/BB/BB/BB][../../../../../../../..]
[hpc-05:02631] MCW rank 6 bound to socket 0[core 0[hwt 0-1]], socket 0[core 1[hwt 0-1]], socket 0[core 2[hwt 0-1]], socket 0[core 3[hwt 0-1]], socket 0[core 4[hwt 0-1]], socket 0[core 5[hwt 0-1]], socket 0[core 6[hwt 0-1]], socket 0[core 7[hwt 0-1]]: [BB/BB/BB/BB/BB/BB/BB/BB][../../../../../../../..]
[hpc-05:02631] MCW rank 7 bound to socket 1[core 8[hwt 0-1]], socket 1[core 9[hwt 0-1]], socket 1[core 10[hwt 0-1]], socket 1[core 11[hwt 0-1]], socket 1[core 12[hwt 0-1]], socket 1[core 13[hwt 0-1]], socket 1[core 14[hwt 0-1]], socket 1[core 15[hwt 0-1]]: [../../../../../../../..][BB/BB/BB/BB/BB/BB/BB/BB]
[hpc-07:03103] MCW rank 8 bound to socket 0[core 0[hwt 0-1]], socket 0[core 1[hwt 0-1]], socket 0[core 2[hwt 0-1]], socket 0[core 3[hwt 0-1]], socket 0[core 4[hwt 0-1]], socket 0[core 5[hwt 0-1]], socket 0[core 6[hwt 0-1]], socket 0[core 7[hwt 0-1]]: [BB/BB/BB/BB/BB/BB/BB/BB][../../../../../../../..]
[hpc-07:03103] MCW rank 9 bound to socket 1[core 8[hwt 0-1]], socket 1[core 9[hwt 0-1]], socket 1[core 10[hwt 0-1]], socket 1[core 11[hwt 0-1]], socket 1[core 12[hwt 0-1]], socket 1[core 13[hwt 0-1]], socket 1[core 14[hwt 0-1]], socket 1[core 15[hwt 0-1]]: [../../../../../../../..][BB/BB/BB/BB/BB/BB/BB/BB]
[hpc-03:79897] MCW rank 2 bound to socket 0[core 0[hwt 0-1]], socket 0[core 1[hwt 0-1]], socket 0[core 2[hwt 0-1]], socket 0[core 3[hwt 0-1]], socket 0[core 4[hwt 0-1]], socket 0[core 5[hwt 0-1]], socket 0[core 6[hwt 0-1]], socket 0[core 7[hwt 0-1]]: [BB/BB/BB/BB/BB/BB/BB/BB][../../../../../../../..]
[hpc-03:79897] MCW rank 3 bound to socket 1[core 8[hwt 0-1]], socket 1[core 9[hwt 0-1]], socket 1[core 10[hwt 0-1]], socket 1[core 11[hwt 0-1]], socket 1[core 12[hwt 0-1]], socket 1[core 13[hwt 0-1]], socket 1[core 14[hwt 0-1]], socket 1[core 15[hwt 0-1]]: [../../../../../../../..][BB/BB/BB/BB/BB/BB/BB/BB]
--------------------------------------------------------------------------
A requested component was not found, or was unable to be opened.  This
means that this component is either not installed or is unable to be
used on your system (e.g., sometimes this means that shared libraries
that the component requires are unable to be found/loaded).  Note that
Open MPI stopped checking at the first component that it did not find.

Host:      hpc-07
Framework: pml
Component: ob1x
--------------------------------------------------------------------------
--------------------------------------------------------------------------
It looks like MPI_INIT failed for some reason; your parallel process is
likely to abort.  There are many reasons that a parallel process can
fail during MPI_INIT; some of which are due to configuration or environment
problems.  This failure appears to be an internal failure; here's some
additional information (which may only be relevant to an Open MPI
developer):

  mca_pml_base_open() failed
  --> Returned "Not found" (-13) instead of "Success" (0)
--------------------------------------------------------------------------
[hpc-02:66521] *** An error occurred in MPI_Init
[hpc-02:66521] *** reported by process [2535718913,1]
[hpc-02:66521] *** on a NULL communicator
[hpc-02:66521] *** Unknown error
[hpc-02:66521] *** MPI_ERRORS_ARE_FATAL (processes in this communicator will now abort,
[hpc-02:66521] ***    and potentially your MPI job)
[hpc-02:66508] 9 more processes have sent help message help-mca-base.txt / find-available:not-valid
[hpc-02:66508] Set MCA parameter "orte_base_help_aggregate" to 0 to see all help / error messages
[hpc-02:66508] 7 more processes have sent help message help-mpi-runtime.txt / mpi_init:startup:internal-failure
[hpc-02:66508] 7 more processes have sent help message help-mpi-errors.txt / mpi_errors_are_fatal unknown handle
