+-----------------------------------------------------------------------------------------------------------+ 
| MFC case # mfc-viscous-weno5-sgb-acoustic-a100 @ /scratch/jobs/35187881911/MFC/benchmark/viscous_weno5_sgb_acoustic-a100/case.py: |
+-----------------------------------------------------------------------------------------------------------+ 
| * Start-time     08:40:57                            * Start-date     08:40:57                            |
| * Partition      gpu                                 * Walltime       01:00:00                            |
| * Account        N/A                                 * Nodes          2                                   |
| * Job Name       mfc-viscous-weno5-sgb-acoustic-a100 * Engine         batch                               |
| * QoS            N/A                                 * Binary         N/A                                 |
| * Queue System   SLURM                               * Email          N/A                                 |
+-----------------------------------------------------------------------------------------------------------+ 

host        : gpu-node1
nodes/tasks : 2 x 4
mpirun      : /work/nvhpc/Linux_x86_64/25.7/comm_libs/12.9/hpcx/hpcx-2.22.1/ompi/bin/mpirun
fabric      : ibp161s0 (UCX_TLS=rc,sm,self,cuda_copy,cuda_ipc)

mfc: OK > :) Running syscheck:

 [TEST] MPI: call mpi_init(ierr)
 [TEST] MPI: call mpi_init(ierr)
 [TEST] MPI: call mpi_init(ierr)
 [TEST] MPI: call mpi_init(ierr)
 [TEST] MPI: call mpi_init(ierr)
 [TEST] MPI: call mpi_init(ierr)
 [TEST] MPI: call mpi_init(ierr)
 [TEST] MPI: call mpi_init(ierr)
 [TEST] MPI: call mpi_comm_rank(MPI_COMM_WORLD, rank, ierr)
 [TEST] MPI: call mpi_comm_rank(MPI_COMM_WORLD, rank, ierr)
 [TEST] MPI: call mpi_comm_rank(MPI_COMM_WORLD, rank, ierr)
 [TEST] MPI: call mpi_barrier(MPI_COMM_WORLD, ierr)
 [TEST] MPI: call mpi_comm_rank(MPI_COMM_WORLD, rank, ierr)
 [TEST] MPI: call mpi_comm_rank(MPI_COMM_WORLD, rank, ierr)
 [TEST] MPI: call mpi_comm_rank(MPI_COMM_WORLD, rank, ierr)
 [TEST] MPI: call mpi_comm_rank(MPI_COMM_WORLD, rank, ierr)
 [TEST] MPI: call mpi_comm_rank(MPI_COMM_WORLD, rank, ierr)
 [TEST] MPI: call assert(rank >= 0)
 [TEST] MPI: call mpi_comm_size(MPI_COMM_WORLD, nRanks, ierr)
 [TEST] MPI: call assert(nRanks > 0 .and. rank < nRanks)
 [TEST] ACC: devtype = acc_get_device_type()
 [TEST] ACC: num_devices = acc_get_num_devices(devtype)
 [TEST] ACC: call assert(num_devices > 0)
 [TEST] ACC: call acc_set_device_num(mod(rank, nRanks), devtype)
 [TEST] ACC: allocate(arr(1:N))
 [TEST] ACC: !$acc enter data create(arr(1:N))
 [TEST] ACC: !$acc parallel loop
 [TEST] ACC: !$acc update host(arr(1:N))
 [TEST] ACC: !$acc exit data delete(arr)
 [SKIP] OMP: num_devices_omp = omp_get_num_devices()
 [SKIP] OMP: call assert(num_devices_omp > 0)
 [SKIP] OMP: call omp_set_default_device(mod(rank, nRanks))
 [TEST] MPI: call mpi_barrier(MPI_COMM_WORLD, ierr)
 [TEST] MPI: call mpi_finalize(ierr)
 
 Syscheck: PASSED.

mfc: OK > :) Running pre_process:

 Pre-processing a 634x317x317 case on 8 rank(s)
 Processing patch            1
 Processing patch            2
 Elapsed Time    91.10833787918091     

mfc: OK > :) Running simulation:

 Simulating a regular 634x317x317 case on 8 rank(s) with OpenACC offloading.
 [  0%]  Time step        1 of 21 @ t_step =        0 Time Avg = 0.000000E+00 Time/step= 0.000000E+00 ETA (HH:MM:SS) = 0:00:00
 [  5%]  Time step        2 of 21 @ t_step =        1 Time Avg = 0.000000E+00 Time/step= 7.715621E-01 ETA (HH:MM:SS) = 0:00:00
 [ 10%]  Time step        3 of 21 @ t_step =        2 Time Avg = 0.000000E+00 Time/step= 6.824632E-01 ETA (HH:MM:SS) = 0:00:00
 [ 15%]  Time step        4 of 21 @ t_step =        3 Time Avg = 6.874421E-01 Time/step= 6.874421E-01 ETA (HH:MM:SS) = 0:00:11
 [ 20%]  Time step        5 of 21 @ t_step =        4 Time Avg = 6.858735E-01 Time/step= 6.843050E-01 ETA (HH:MM:SS) = 0:00:10
 [ 24%]  Time step        6 of 21 @ t_step =        5 Time Avg = 6.853380E-01 Time/step= 6.842670E-01 ETA (HH:MM:SS) = 0:00:10
 [ 29%]  Time step        7 of 21 @ t_step =        6 Time Avg = 6.850873E-01 Time/step= 6.843350E-01 ETA (HH:MM:SS) = 0:00:09
 [ 34%]  Time step        8 of 21 @ t_step =        7 Time Avg = 6.842452E-01 Time/step= 6.808770E-01 ETA (HH:MM:SS) = 0:00:08
 [ 39%]  Time step        9 of 21 @ t_step =        8 Time Avg = 6.836907E-01 Time/step= 6.809180E-01 ETA (HH:MM:SS) = 0:00:08
 [ 43%]  Time step       10 of 21 @ t_step =        9 Time Avg = 6.840770E-01 Time/step= 6.863949E-01 ETA (HH:MM:SS) = 0:00:07
 [ 48%]  Time step       11 of 21 @ t_step =       10 Time Avg = 6.841614E-01 Time/step= 6.847520E-01 ETA (HH:MM:SS) = 0:00:06
 [ 53%]  Time step       12 of 21 @ t_step =       11 Time Avg = 6.839852E-01 Time/step= 6.825759E-01 ETA (HH:MM:SS) = 0:00:06
 [ 58%]  Time step       13 of 21 @ t_step =       12 Time Avg = 6.843433E-01 Time/step= 6.875660E-01 ETA (HH:MM:SS) = 0:00:05
 [ 62%]  Time step       14 of 21 @ t_step =       13 Time Avg = 6.844258E-01 Time/step= 6.852510E-01 ETA (HH:MM:SS) = 0:00:04
 [ 67%]  Time step       15 of 21 @ t_step =       14 Time Avg = 6.843715E-01 Time/step= 6.837740E-01 ETA (HH:MM:SS) = 0:00:04
 [ 72%]  Time step       16 of 21 @ t_step =       15 Time Avg = 6.845241E-01 Time/step= 6.863551E-01 ETA (HH:MM:SS) = 0:00:03
 [ 77%]  Time step       17 of 21 @ t_step =       16 Time Avg = 6.846089E-01 Time/step= 6.857109E-01 ETA (HH:MM:SS) = 0:00:02
 [ 81%]  Time step       18 of 21 @ t_step =       17 Time Avg = 6.844708E-01 Time/step= 6.825380E-01 ETA (HH:MM:SS) = 0:00:02
 [ 86%]  Time step       19 of 21 @ t_step =       18 Time Avg = 6.842842E-01 Time/step= 6.814849E-01 ETA (HH:MM:SS) = 0:00:01
 [ 91%]  Time step       20 of 21 @ t_step =       19 Time Avg = 6.842332E-01 Time/step= 6.834180E-01 ETA (HH:MM:SS) = 0:00:00
 Performance:   0.4440215579255924      ns/gp/eq/rhs

+-----------------------------------------------------------------------------------------------------------+ 
| Finished mfc-viscous-weno5-sgb-acoustic-a100:                                                             |
| * Total-time:    409s                                * Exit Code:     0                                   |
| * End-time:      08:47:46                            * End-date:      08:47:46                            |
+-----------------------------------------------------------------------------------------------------------+ 
