node : scc-connect-03-gpu01
gpus : 2 x NVIDIA H100 NVL
ranks: 2

================================================================================
HPL-NVIDIA 26.2.1  -- NVIDIA accelerated HPL benchmark -- NVIDIA
================================================================================
HPLinpack 2.1  --  High-Performance Linpack benchmark  --   October 26, 2012
Written by A. Petitet and R. Clint Whaley,  Innovative Computing Laboratory, UTK
Modified by Piotr Luszczek, Innovative Computing Laboratory, UTK
Modified by Julien Langou, University of Colorado Denver
================================================================================

An explanation of the input/output parameters follows:
T/V    : Wall time / encoded variant.
N      : The order of the coefficient matrix A.
NB     : The partitioning blocking factor.
P      : The number of process rows.
Q      : The number of process columns.
Time   : Time in seconds to solve the linear system.
Gflops : Rate of execution for solving the linear system.

The following parameter values will be used:

N      :   10240 
NB     :     512 
PMAP   : Column-major process mapping
P      :       1 
Q      :       2 
PFACT  :    Left 
NBMIN  :       2 
NDIV   :       2 
RFACT  :    Left 
BCAST  :  2ringM 
DEPTH  :       1 
SWAP   : Spread-roll (long)
L1     : no-transposed form
U      : transposed form
EQUIL  : no
ALIGN  : 8 double precision words

--------------------------------------------------------------------------------

- The matrix A is randomly generated for each test.
- The following scaled residual check will be computed:
      ||Ax-b||_oo / ( eps * ( || x ||_oo * || A ||_oo + || b ||_oo ) * N )
- The relative machine precision (eps) is taken to be               1.110223e-16
- Computational tests pass if scaled residuals are less than                16.0


HPL-NVIDIA ignores the following parameters from input file:
	* Broadcast parameters
	* Panel factorization parameters
	* Look-ahead value
	* L1 layout
	* U layout
	* Equilibration parameter
	* Memory alignment parameter

HPL-NVIDIA settings from environment variables:
--- DEVICE INFO ---
  Peak clock frequency: 1785 MHz
  SM version          : 90
  Number of SMs       : 132
-------------------
[HPL TRACE] cuda_nvshmem_init: max=0.8213 (0) min=0.8213 (1)
[HPL TRACE] ncclCommInitRank: max=0.8516 (0) min=0.8516 (1)
[HPL TRACE] cugetrfs_mp_init: max=0.8552 (1) min=0.8552 (0)
--- MEMORY INFO ---
DEVICE
  System           =      4.80973 GiB (MIN)      4.80973 GiB (MAX)      4.80973 GiB (AVG)
  HPL buffers      =      3.52411 GiB (MIN)      3.52411 GiB (MAX)      3.52411 GiB (AVG)
  Used             =      8.33384 GiB (MIN)      8.33384 GiB (MAX)      8.33384 GiB (AVG)
  Total            =     93.58398 GiB (MIN)     93.58398 GiB (MAX)     93.58398 GiB (AVG)
HOST
  HPL buffers      =      0.00009 GiB (MIN)      0.00009 GiB (MAX)      0.00009 GiB (AVG)
-------------------

 ... Testing HPL components ... 

 **** Factorization, m = 9728, policy = 0 **** 
avg time =     6.17 ms, avg =   413.51. min =   412.96 [rank 1, host scc-connect-03-gpu01, gpuID 0000:63:00.0], max =   414.07 GFLOPS

 **** Factorization, m = 9728, policy = 1 **** 
avg time =     7.85 ms, avg =   325.00. min =   323.58 [rank 1, host scc-connect-03-gpu01, gpuID 0000:63:00.0], max =   326.42 GFLOPS

 **** Factorization, m = 5120, policy = 0 **** 
avg time =     5.54 ms, avg =   242.09. min =   241.90 [rank 1, host scc-connect-03-gpu01, gpuID 0000:63:00.0], max =   242.27 GFLOPS

 **** Factorization, m = 5120, policy = 1 **** 
avg time =     7.65 ms, avg =   175.47. min =   174.35 [rank 0, host scc-connect-03-gpu01, gpuID 0000:17:00.0], max =   176.61 GFLOPS

 **** Factorization, m = 2560, policy = 0 **** 
avg time =     5.45 ms, avg =   123.03. min =   122.97 [rank 0, host scc-connect-03-gpu01, gpuID 0000:17:00.0], max =   123.09 GFLOPS

 **** Factorization, m = 2560, policy = 1 **** 
avg time =     7.58 ms, avg =    88.54. min =    88.05 [rank 0, host scc-connect-03-gpu01, gpuID 0000:17:00.0], max =    89.03 GFLOPS

 **** Factorization, m = 512, policy = 0 **** 
avg time =     5.18 ms, avg =    25.90. min =    25.89 [rank 0, host scc-connect-03-gpu01, gpuID 0000:17:00.0], max =    25.91 GFLOPS

 **** Factorization, m = 512, policy = 1 **** 
avg time =     7.35 ms, avg =    18.25. min =    18.15 [rank 0, host scc-connect-03-gpu01, gpuID 0000:17:00.0], max =    18.34 GFLOPS

 **** ncclBcast( Row ) **** 
avg time =     0.19 ms, avg =   224.72. min =   223.83 [rank 1, host scc-connect-03-gpu01, gpuID 0000:63:00.0], max =   225.62 GBS

 **** ncclAllGather( Col ) **** 
avg time =     0.00 ms, avg = 44644.00. min = 34911.80 [rank 0, host scc-connect-03-gpu01, gpuID 0000:17:00.0], max = 61899.41 GBS

 **** Latency ncclAllGather, m = 1 **** 
avg time =     0.09 ms, avg =     0.04. min =     0.04 [rank 0, host scc-connect-03-gpu01, gpuID 0000:17:00.0], max =     0.04 GBS

 **** Latency ncclAllGather, m = 2 **** 
avg time =     0.07 ms, avg =     0.12. min =     0.12 [rank 0, host scc-connect-03-gpu01, gpuID 0000:17:00.0], max =     0.12 GBS

 **** Latency ncclAllGather, m = 32 **** 
avg time =     0.07 ms, avg =     1.94. min =     1.90 [rank 0, host scc-connect-03-gpu01, gpuID 0000:17:00.0], max =     1.98 GBS

 **** Latency ncclAllGather, m = 512 **** 
avg time =     0.07 ms, avg =    30.79. min =    30.36 [rank 0, host scc-connect-03-gpu01, gpuID 0000:17:00.0], max =    31.22 GBS

 **** Latency ncclAllGather, m = 1024 **** 
avg time =     0.07 ms, avg =    60.92. min =    60.25 [rank 0, host scc-connect-03-gpu01, gpuID 0000:17:00.0], max =    61.60 GBS

 **** Latency Host MPI_Allgather, m = 1 **** 
avg time =     0.01 ms, avg =     0.41. min =     0.41 [rank 1, host scc-connect-03-gpu01, gpuID 0000:63:00.0], max =     0.41 GBS

 **** Latency Host MPI_Allgather, m = 2 **** 
avg time =     0.01 ms, avg =     0.83. min =     0.81 [rank 1, host scc-connect-03-gpu01, gpuID 0000:63:00.0], max =     0.85 GBS

 **** Latency Host MPI_Allgather, m = 32 **** 
avg time =     0.01 ms, avg =    13.16. min =    13.12 [rank 1, host scc-connect-03-gpu01, gpuID 0000:63:00.0], max =    13.21 GBS

 **** Latency Host MPI_Allgather, m = 512 **** 
avg time =     0.02 ms, avg =    86.18. min =    84.74 [rank 0, host scc-connect-03-gpu01, gpuID 0000:17:00.0], max =    87.68 GBS

 **** Latency Host MPI_Allgather, m = 1024 **** 
avg time =     0.03 ms, avg =   124.06. min =   123.34 [rank 1, host scc-connect-03-gpu01, gpuID 0000:63:00.0], max =   124.79 GBS

 **** Latency ncclBcast, m = 1 **** 
avg time =     0.08 ms, avg =     0.05. min =     0.05 [rank 1, host scc-connect-03-gpu01, gpuID 0000:63:00.0], max =     0.05 GBS

 **** Latency ncclBcast, m = 32 **** 
avg time =     0.10 ms, avg =     1.26. min =     1.26 [rank 1, host scc-connect-03-gpu01, gpuID 0000:63:00.0], max =     1.27 GBS

 **** Latency ncclBcast, m = 512 **** 
avg time =     0.10 ms, avg =    20.32. min =    20.30 [rank 0, host scc-connect-03-gpu01, gpuID 0000:17:00.0], max =    20.34 GBS

 **** Latency Host MPI_Bcast, m = 1 **** 
avg time =     0.00 ms, avg =     1.22. min =     1.18 [rank 0, host scc-connect-03-gpu01, gpuID 0000:17:00.0], max =     1.26 GBS

 **** Latency Host MPI_Bcast, m = 32 **** 
avg time =     0.00 ms, avg =    40.60. min =    40.27 [rank 0, host scc-connect-03-gpu01, gpuID 0000:17:00.0], max =    40.93 GBS

 **** Latency Host MPI_Bcast, m = 512 **** 
avg time =     0.00 ms, avg =   607.78. min =   606.27 [rank 0, host scc-connect-03-gpu01, gpuID 0000:17:00.0], max =   609.30 GBS

 **** GEMM **** 
avg time =     1.44 ms, avg = 37170.20. min = 36812.14 [rank 0, host scc-connect-03-gpu01, gpuID 0000:17:00.0], max = 37535.30 GFLOPS

 ... End of Testing HPL components ... 

[HPL TRACE] HPL_pdmatgen_gpu: max=0.0003 (0) min=0.0003 (0)
[0;31m Prog= 14.26%	N_left=     9728	Time=   0.05	Time_left=   0.31	iGF=  1997.50	GF=  1997.50	iGF_per=   998.75 	GF_per=   998.75[0m
[0;31m Prog= 27.10%	N_left=     9216	Time=   0.10	Time_left=   0.26	iGF=  1964.10	GF=  1981.54	iGF_per=   982.05 	GF_per=   990.77[0m
[0;31m Prog= 38.59%	N_left=     8704	Time=   0.10	Time_left=   0.17	iGF= 12306.26	GF=  2641.23	iGF_per=  6153.13 	GF_per=  1320.61[0m
[0;31m Prog= 48.80%	N_left=     8192	Time=   0.11	Time_left=   0.12	iGF= 10605.35	GF=  3133.70	iGF_per=  5302.67 	GF_per=  1566.85[0m
[0;31m Prog= 57.81%	N_left=     7680	Time=   0.12	Time_left=   0.09	iGF= 10138.21	GF=  3511.96	iGF_per=  5069.11 	GF_per=  1755.98[0m
[0;31m Prog= 65.70%	N_left=     7168	Time=   0.12	Time_left=   0.06	iGF=  8605.84	GF=  3780.61	iGF_per=  4302.92 	GF_per=  1890.30[0m
[0;31m Prog= 72.54%	N_left=     6656	Time=   0.13	Time_left=   0.05	iGF=  7954.95	GF=  3977.34	iGF_per=  3977.47 	GF_per=  1988.67[0m
[0;31m Prog= 78.40%	N_left=     6144	Time=   0.14	Time_left=   0.04	iGF=  6640.14	GF=  4100.30	iGF_per=  3320.07 	GF_per=  2050.15[0m
[0;31m Prog= 83.36%	N_left=     5632	Time=   0.14	Time_left=   0.03	iGF=  5801.73	GF=  4173.15	iGF_per=  2900.87 	GF_per=  2086.58[0m
[0;31m Prog= 87.50%	N_left=     5120	Time=   0.15	Time_left=   0.02	iGF=  4747.59	GF=  4197.16	iGF_per=  2373.79 	GF_per=  2098.58[0m
[0;31m Prog= 90.89%	N_left=     4608	Time=   0.16	Time_left=   0.02	iGF=  4014.32	GF=  4190.05	iGF_per=  2007.16 	GF_per=  2095.03[0m
[0;31m Prog= 93.60%	N_left=     4096	Time=   0.16	Time_left=   0.01	iGF=  3161.84	GF=  4150.93	iGF_per=  1580.92 	GF_per=  2075.47[0m
[0;31m Prog= 95.71%	N_left=     3584	Time=   0.17	Time_left=   0.01	iGF=  2616.60	GF=  4097.90	iGF_per=  1308.30 	GF_per=  2048.95[0m
[0;31m Prog= 97.30%	N_left=     3072	Time=   0.17	Time_left=   0.00	iGF=  1913.03	GF=  4022.93	iGF_per=   956.52 	GF_per=  2011.47[0m
[0;31m Prog= 98.44%	N_left=     2560	Time=   0.18	Time_left=   0.00	iGF=  1415.58	GF=  3939.09	iGF_per=   707.79 	GF_per=  1969.55[0m
[0;31m Prog= 99.20%	N_left=     2048	Time=   0.18	Time_left=   0.00	iGF=   936.68	GF=  3844.38	iGF_per=   468.34 	GF_per=  1922.19[0m
[0;31m Prog= 99.66%	N_left=     1536	Time=   0.19	Time_left=   0.00	iGF=   590.66	GF=  3748.55	iGF_per=   295.33 	GF_per=  1874.27[0m
[0;31m Prog= 99.90%	N_left=     1024	Time=   0.20	Time_left=   0.00	iGF=   302.79	GF=  3649.80	iGF_per=   151.40 	GF_per=  1824.90[0m
================================================================================
T/V                N    NB     P     Q         Time          Gflops (   per GPU)
--------------------------------------------------------------------------------
WC0            10240   512     1     2         0.60       1.196e+03 ( 5.979e+02)

HPL_pdgesv() start time Thu Oct  1 00:24:27 2026
HPL_pdgesv() end time   Thu Oct  1 00:24:28 2026

--------------------------------------------------------------------------------
||Ax-b||_oo/(eps*(||A||_oo*||x||_oo+||b||_oo)*N)=   0.001027706724 ...... PASSED
||Ax-b||_oo  . . . . . . . . . . . . . . . . . = 0.0000000000495438
||A||_oo . . . . . . . . . . . . . . . . . . . = 2619.0706346027059226
||x||_oo . . . . . . . . . . . . . . . . . . . = 16.1904051174114052
||b||_oo . . . . . . . . . . . . . . . . . . . = 0.4999817624622144
================================================================================

Finished      1 tests with the following results:
              1 tests completed and passed residual checks,
              0 tests completed and failed residual checks,
              0 tests skipped because of illegal input values.
--------------------------------------------------------------------------------

End of Tests.
================================================================================
